==============================================================
run: night7-m5-catalog-20260914T023419Z
==============================================================
capture: night7-m5-catalog-20260914T023419Z.mp4
hid trace: MISSING (run with HID_TRACE_RUN=1)
input trace: none (run atrace-input.sh around the command)
SurfaceFlinger latency: none (set SF_LAYER for capture)
cue trace: none (run with CUE_HELPER=1)
legacy night PCM: none (receiver owns live audio)
audio facts: none (run with external authority socket)
session manifest: none (unmanifested run)
campaign bundle: artifacts/campaign-2026-09-14T02-34-36.481Z
frame trace: none (run query-cue-helper.sh trace start/stop around the run)
capture rate: 44 fps (ffprobe 37935000/869537)
  using measured 44 fps for timing-sensitive graders (nominal 60)

--- session manifest (v1 provenance contract) ---
  no night7-m5-catalog-20260914T023419Z-session.json: this run is unmanifested, so nothing below can
  name its game build, model hashes, clock alignment or win evidence.
  Nothing was validated.
  Run under tools/device/trial.sh, which emits one.

--- input dispatch / frame landing (Perfetto) ---
  no input trace kept for night7-m5-catalog-20260914T023419Z; rendered video cannot establish dispatch.

--- clock transitions (HUD first frame, 1 AM) ---
clocktrace: HUD first=36227ms; 1 AM was not found

[ 1/13   7%] --- video instruments over one shared decode (survival, cameras, light, keyframes, box, intervals, timeline) ---
           ... video instruments over one shared decode (survival, cameras, light, keyframes, box, intervals, timeline) still running (20s)
--- survival (the only number that is a run length) ---
tools/device/../../captures/night7-m5-catalog-20260914T023419Z.mp4: 232 frames at 4.0 fps
  night HUD appears at 36.2s
  1 HUD-absent stretches contain no death static -- the monitor is up; longest 19.2s at 38.8s
  1 of them go fully dark and the HUD returns after -- longest 19.2s at 38.8s. A dark camera, a raised mask and a death minigame are not separated here: UNKNOWN(dark is ambiguous)
  HUD last seen at 38.5s of 58.0s recorded
  ALIVE for at least 2.5s -- nothing in this recording shows the run ending, so this is a lower bound
[decode-once] survival (the only number that is a run length): exit 0, 14s, ok
--- camera selections ---
tools/device/../../captures/night7-m5-catalog-20260914T023419Z.mp4: selected-camera trace at 44 fps
  cam 04    4.89s ->   9.23s  (4.34s)
  cam 04   11.73s ->  14.16s  (2.43s)
  cam 04   38.77s ->  38.93s  (0.16s)
  cam 04   46.32s ->  50.68s  (4.36s)
  cam 04   53.18s ->  55.55s  (2.36s)
summary: 0 complete 10-04-07-11 sweeps, 0 incomplete sweep starts
[decode-once] camera selections: exit 0, 14s, ok
--- camera light actually flashing ---
tools/device/../../captures/night7-m5-catalog-20260914T023419Z.mp4: signature sweepcheck-signature.json  (sweep lit iff >=2/3 cams)
summary: 0/0 sweeps lit (>=2 of 3 cameras)
NO GRADABLE SWEEP: no sweep window was found in this run, so this instrument says nothing about whether the light fired.
[decode-once] camera light actually flashing: exit 3, 27s, a result about the run, not an instrument failure
--- keyframes (what the run contained) ---
tools/device/../../captures/night7-m5-catalog-20260914T023419Z.mp4: 116 frames at 2.0 fps, 12 kept
  timestamps: 0.0s 2.0s 4.0s 22.5s 26.5s 28.5s 36.5s 38.5s 39.0s 51.0s 53.5s 55.5s
  sheet: tools/device/../../captures/night7-m5-catalog-20260914T023419Z-keyframes.png
[decode-once] keyframes (what the run contained): exit 0, 27s, ok
--- music box ---
tools/device/../../captures/night7-m5-catalog-20260914T023419Z.mp4: 58.00s sampled at 12 fps
  cam11   4.83s ->   9.25s    0.0% ->   2.4%  (range   0.0-  2.4%)
  cam11  11.75s ->  14.17s    2.4% ->   2.4%  (range   2.4-  2.4%)
  cam11  38.67s ->  39.00s    2.4% ->   2.4%  (range   2.4-  2.4%)
  cam11  46.33s ->  50.67s    2.4% ->   2.4%  (range   2.4-  2.4%)
  cam11  53.17s ->  55.58s    2.4% ->   2.4%  (range   2.4-  2.4%)
[decode-once] music box: exit 0, 14s, ok
--- office / mask / camera intervals ---
tools/device/../../captures/night7-m5-catalog-20260914T023419Z.mp4: 58.00s sampled at 12 fps
  camera   0.00s ->   4.33s  (4.33s)
  camera  14.58s ->  26.08s  (11.50s)
  office  36.25s ->  38.58s  (2.33s)
  camera  42.58s ->  42.83s  (0.25s)
  hall    43.33s ->  43.50s  (0.17s)
  camera  43.50s ->  45.67s  (2.17s)
  camera  55.58s ->  58.00s  (2.42s)
summary: 5 camera intervals, 1 visible hall flashes, 0 latched-mask intervals
note: visible hall flashes are only a rendering lower bound; the sourced movement blackout can hide logically accepted Foxy flashes
[decode-once] office / mask / camera intervals: exit 0, 14s, ok
--- run timeline and terminal outcome ---
tools/device/../../captures/night7-m5-catalog-20260914T023419Z.mp4: 116 frames at 2.0 fps, 640x288
      0.0s ->     9.0s  (   9.0s)  camera
      9.0s ->    11.5s  (   2.5s)  other
     11.5s ->    31.5s  (  20.0s)  camera
     31.5s ->    34.0s  (   2.5s)  intro
     34.0s ->    36.0s  (   2.0s)  dark
     36.0s ->    39.5s  (   3.5s)  office
     39.5s ->    42.5s  (   3.0s)  unknown
     42.5s ->    50.5s  (   8.0s)  camera
     50.5s ->    53.0s  (   2.5s)  other
     53.0s ->    58.0s  (   5.0s)  camera

  TERMINAL: unknown
  nothing terminal was captured; the recording may stop before the end of the night
[decode-once] run timeline and terminal outcome: exit 0, 27s, ok
[decode-once] 2 shared decode(s) for 7 instruments: 7 branches in 12.2s (exit 0), 3 branches in 10.7s (exit 0)
[ 1/13   7%] video instruments over one shared decode (survival, cameras, light, keyframes, box, intervals, timeline) took 27s (pipeline 34s)

[ 2/13  15%] --- campaign bundle (executor-owned facts) ---
--- modern campaign bundle (executor-owned facts) ---
  night reached               NO -- the run never entered a night
  arm mode                    none
  arm                         UNKNOWN on attempt 1 (0 retries, 0 samples)
  arm verified at             UNKNOWN
  parked prefix (plan)        UNKNOWN
  PHASE LAG (suffix shift)    UNKNOWN
  cycle gates                 0 (0 agreed, 0 corrected, 0 aborted)
  gate lag                    UNKNOWN
  delivered offset            UNKNOWN
  corrections landed          0 confirmed, 0 unconfirmed, 0 unread, 0 never read back
  press acceptance            no transition was graded
  stop reason                 campaign-abort (adb device-local executor: action clear-1 overlaps the previous HID macro)
[ 2/13  15%] campaign bundle (executor-owned facts) took 0s (pipeline 34s)

[ 3/13  23%] --- delivered phase vs the model band ---
file://tools/device/phase-reconstruct.mjs:32
const fail = message => { throw new Error(`phase reconstruction: ${message}`); };
                                ^

Error: phase reconstruction: bundle has no hid.schedule-start
    at fail (file://tools/device/phase-reconstruct.mjs:32:33)
    at reconstruct (file://tools/device/phase-reconstruct.mjs:151:15)
    at file://tools/device/phase-reconstruct.mjs:371:18
    at ModuleJob.run (node:internal/modules/esm/module_job:343:25)
    at async onImport.tracePromise.__proto__ (node:internal/modules/esm/loader:681:26)
    at async asyncRunEntryPointWithESMLoader (node:internal/modules/run_main:117:5)

Node.js v22.23.2
  ^ FAILED (resource-limited or diagnostic error)
[ 3/13  23%] delivered phase vs the model band took 0s (pipeline 34s)

--- native-frame state coverage for the actuation ---
  no frame trace for night7-m5-catalog-20260914T023419Z: frame-level state coverage and input/frame
  alignment are UNKNOWN. Nothing was measured.

--- elegance (inputs sent vs needed) ---
  no driver log for night7-m5-catalog-20260914T023419Z; nothing to count. Runs before 2026-08-26 have none.

--- Balloon Boy's vent bang ---
  no raw audio kept for night7-m5-catalog-20260914T023419Z; scan-night requires a receiver PCM capture.
  external authority facts are also absent; run with CUE_AUDIO=1 AUDIO_AUTHORITY_SOCKET=PATH.

==============================================================
VERDICT: at least one instrument FAILED for night7-m5-catalog-20260914T023419Z -- read above
==============================================================
