==============================================================
run: night5-final1-20260912T070556Z
==============================================================
capture: night5-final1-20260912T070556Z.mp4
hid trace: MISSING (run with HID_TRACE_RUN=1)
input trace: none (run atrace-input.sh around the command)
SurfaceFlinger latency: none (set SF_LAYER for capture)
cue trace: none (run with CUE_HELPER=1)
legacy night PCM: none (receiver owns live audio)
audio facts: none (run with external authority socket)
session manifest: none (unmanifested run)
campaign bundle: artifacts/campaign-2026-09-12T07-05-59.555Z
frame trace: none (run query-cue-helper.sh trace start/stop around the run)
capture rate: 60 fps (ffprobe 36875/612)

--- session manifest (v1 provenance contract) ---
  no night5-final1-20260912T070556Z-session.json: this run is unmanifested, so nothing below can
  name its game build, model hashes, clock alignment or win evidence.
  Nothing was validated.
  Run under tools/device/trial.sh, which emits one.

[ 1/20   5%] --- survival (the only number that is a run length) ---
tools/device/../../captures/night5-final1-20260912T070556Z.mp4: the HUD is never present -- no night ran at all
  ^ FAILED (resource-limited or diagnostic error)
[ 1/20   5%] survival (the only number that is a run length) took 1s (pipeline 1s)

--- input dispatch / frame landing (Perfetto) ---
  no input trace kept for night5-final1-20260912T070556Z; rendered video cannot establish dispatch.

--- clock transitions (HUD first frame, 1 AM) ---
clocktrace: office HUD was not found

[ 2/20  10%] --- camera selections ---
tools/device/../../captures/night5-final1-20260912T070556Z.mp4: selected-camera trace at 60 fps
  no stable target-camera highlights detected
[ 2/20  10%] camera selections took 1s (pipeline 3s)

[ 3/20  15%] --- camera light actually flashing ---
tools/device/../../captures/night5-final1-20260912T070556Z.mp4: signature sweepcheck-signature.json  (sweep lit iff >=2/3 cams)
summary: 0/0 sweeps lit (>=2 of 3 cameras)
NO GRADABLE SWEEP: no sweep window was found in this run, so this instrument says nothing about whether the light fired.
  ^ a result about the run, not an instrument failure
[ 3/20  15%] camera light actually flashing took 2s (pipeline 5s)

[ 4/20  20%] --- keyframes (what the run contained) ---
tools/device/../../captures/night5-final1-20260912T070556Z.mp4: 6 frames at 2.0 fps, 6 kept
  timestamps: 0.0s 0.5s 1.0s 1.5s 2.0s 2.5s
  sheet: tools/device/../../captures/night5-final1-20260912T070556Z-keyframes.png
[ 4/20  20%] keyframes (what the run contained) took 2s (pipeline 7s)

[ 5/20  25%] --- music box ---
tools/device/../../captures/night5-final1-20260912T070556Z.mp4: 2.92s sampled at 12 fps
  no CAM 11 music-box gauge detected
[ 5/20  25%] music box took 1s (pipeline 8s)

[ 6/20  30%] --- office / mask / camera intervals ---
tools/device/../../captures/night5-final1-20260912T070556Z.mp4: 2.92s sampled at 12 fps
  camera   0.25s ->   2.92s  (2.67s)
summary: 1 camera intervals, 0 visible hall flashes, 0 latched-mask intervals
note: visible hall flashes are only a rendering lower bound; the sourced movement blackout can hide logically accepted Foxy flashes
[ 6/20  30%] office / mask / camera intervals took 0s (pipeline 8s)

[ 7/20  35%] --- run timeline and terminal outcome ---
tools/device/../../captures/night5-final1-20260912T070556Z.mp4: 6 frames at 2.0 fps, 640x288
      0.0s ->     3.0s  (   3.0s)  other

  TERMINAL: unknown
  nothing terminal was captured; the recording may stop before the end of the night
[ 7/20  35%] run timeline and terminal outcome took 2s (pipeline 10s)

[ 8/20  40%] --- campaign bundle (executor-owned facts) ---
--- modern campaign bundle (executor-owned facts) ---
  night reached               NO -- the run never entered a night
  arm mode                    observe-once
  arm                         UNKNOWN on attempt 1 (0 retries, 0 samples)
  arm verified at             UNKNOWN
  parked prefix (plan)        UNKNOWN
  PHASE LAG (suffix shift)    none -- observe-once never parks the stream
  cycle gates                 0 (0 agreed, 0 corrected, 0 aborted)
  gate lag                    UNKNOWN
  delivered offset            UNKNOWN
  corrections landed          0 confirmed, 0 unconfirmed, 0 unread, 0 never read back
  press acceptance            no transition was graded
  stop reason                 UNKNOWN
[ 8/20  40%] campaign bundle (executor-owned facts) took 0s (pipeline 10s)

[ 9/20  45%] --- delivered phase vs the model band ---
node:fs:440
    return binding.readFileUtf8(path, stringToFlags(options.flag));
                   ^

Error: ENOENT: no such file or directory, open 'artifacts/campaign-2026-09-12T07-05-59.555Z/observations.jsonl'
    at readFileSync (node:fs:440:20)
    at readJsonl (file://tools/device/phase-reconstruct.mjs:28:27)
    at file://tools/device/phase-reconstruct.mjs:361:24
    at ModuleJob.run (node:internal/modules/esm/module_job:343:25)
    at async onImport.tracePromise.__proto__ (node:internal/modules/esm/loader:681:26)
    at async asyncRunEntryPointWithESMLoader (node:internal/modules/run_main:117:5) {
  errno: -2,
  code: 'ENOENT',
  syscall: 'open',
  path: 'artifacts/campaign-2026-09-12T07-05-59.555Z/observations.jsonl'
}

Node.js v22.23.2
  ^ FAILED (resource-limited or diagnostic error)
[ 9/20  45%] delivered phase vs the model band took 0s (pipeline 10s)

--- native-frame state coverage for the actuation ---
  no frame trace for night5-final1-20260912T070556Z: frame-level state coverage and input/frame
  alignment are UNKNOWN. Nothing was measured.

--- elegance (inputs sent vs needed) ---
  no driver log for night5-final1-20260912T070556Z; nothing to count. Runs before 2026-08-26 have none.

--- Balloon Boy's vent bang ---
  no raw audio kept for night5-final1-20260912T070556Z; scan-night requires a receiver PCM capture.
  external authority facts are also absent; run with CUE_AUDIO=1 AUDIO_AUTHORITY_SOCKET=PATH.

==============================================================
VERDICT: at least one instrument FAILED for night5-final1-20260912T070556Z -- read above
==============================================================
