==============================================================
run: night7-night7-k3-full-03-20260915T050517Z
==============================================================
capture: night7-night7-k3-full-03-20260915T050517Z.mp4
hid trace: MISSING (run with HID_TRACE_RUN=1)
input trace: none (run atrace-input.sh around the command)
SurfaceFlinger latency: none (set SF_LAYER for capture)
cue trace: none (run with CUE_HELPER=1)
legacy night PCM: none (receiver owns live audio)
audio facts: none (run with external authority socket)
session manifest: none (unmanifested run)
campaign bundle: artifacts/campaign-2026-09-15T05-05-32.651Z
frame trace: none (run query-cue-helper.sh trace start/stop around the run)
capture rate: 44 fps (ffprobe 242370000/5514109)
  using measured 44 fps for timing-sensitive graders (nominal 60)

--- session manifest (v1 provenance contract) ---
  no night7-night7-k3-full-03-20260915T050517Z-session.json: this run is unmanifested, so nothing below can
  name its game build, model hashes, clock alignment or win evidence.
  Nothing was validated.
  Run under tools/device/trial.sh, which emits one.

--- input dispatch / frame landing (Perfetto) ---
  no input trace kept for night7-night7-k3-full-03-20260915T050517Z; rendered video cannot establish dispatch.

--- clock transitions (HUD first frame, 1 AM) ---
clocktrace: HUD first=35886ms; 1 AM was not found

[ 1/13   7%] --- video instruments over one shared decode (survival, cameras, light, keyframes, box, intervals, timeline) ---
           ... video instruments over one shared decode (survival, cameras, light, keyframes, box, intervals, timeline) still running (20s)
--- survival (the only number that is a run length) ---
tools/device/../../captures/night7-night7-k3-full-03-20260915T050517Z.mp4: 245 frames at 4.0 fps
  night HUD appears at 36.0s
  1 HUD-absent stretches contain no death static -- the monitor is up; longest 19.2s at 42.0s
  1 of them go fully dark and the HUD returns after -- longest 19.2s at 42.0s. A dark camera, a raised mask and a death minigame are not separated here: UNKNOWN(dark is ambiguous)
  HUD last seen at 41.8s of 61.2s recorded
  ALIVE for at least 6.0s -- nothing in this recording shows the run ending, so this is a lower bound
[decode-once] survival (the only number that is a run length): exit 0, 13s, ok
--- camera selections ---
tools/device/../../captures/night7-night7-k3-full-03-20260915T050517Z.mp4: selected-camera trace at 44 fps
  cam 07    3.61s ->   3.66s  (0.05s)
  cam 04    4.20s ->   8.52s  (4.32s)
  cam 04   11.05s ->  13.50s  (2.45s)
  cam 04   48.89s ->  53.18s  (4.30s)
  cam 04   55.70s ->  58.11s  (2.41s)
summary: 0 complete 10-04-07-11 sweeps, 0 incomplete sweep starts
[decode-once] camera selections: exit 0, 13s, ok
--- camera light actually flashing ---
tools/device/../../captures/night7-night7-k3-full-03-20260915T050517Z.mp4: signature sweepcheck-signature.json  (sweep lit iff >=2/3 cams)
summary: 0/0 sweeps lit (>=2 of 3 cameras)
NO GRADABLE SWEEP: no sweep window was found in this run, so this instrument says nothing about whether the light fired.
[decode-once] camera light actually flashing: exit 3, 25s, a result about the run, not an instrument failure
--- keyframes (what the run contained) ---
tools/device/../../captures/night7-night7-k3-full-03-20260915T050517Z.mp4: 123 frames at 2.0 fps, 12 kept
  timestamps: 0.0s 8.5s 13.5s 18.5s 20.0s 27.0s 27.5s 41.0s 42.0s 56.0s 58.0s 60.0s
  sheet: tools/device/../../captures/night7-night7-k3-full-03-20260915T050517Z-keyframes.png
[decode-once] keyframes (what the run contained): exit 0, 25s, ok
--- music box ---
tools/device/../../captures/night7-night7-k3-full-03-20260915T050517Z.mp4: 61.25s sampled at 12 fps
  cam11   4.17s ->   8.50s    2.4% ->   2.4%  (range   2.4-  2.4%)
  cam11  11.08s ->  13.50s    2.4% ->   2.4%  (range   2.4-  2.4%)
  cam11  48.83s ->  53.17s    0.0% ->   2.4%  (range   0.0-  2.4%)
  cam11  55.67s ->  58.17s    2.4% ->   2.4%  (range   2.4-  2.4%)
[decode-once] music box: exit 0, 13s, ok
--- office / mask / camera intervals ---
tools/device/../../captures/night7-night7-k3-full-03-20260915T050517Z.mp4: 61.25s sampled at 12 fps
  camera   0.50s ->   2.17s  (1.67s)
  camera   2.83s ->   3.08s  (0.25s)
  camera  13.75s ->  25.08s  (11.33s)
  office  35.92s ->  41.92s  (6.00s)
  camera  45.33s ->  48.17s  (2.83s)
  camera  58.25s ->  61.25s  (3.00s)
summary: 5 camera intervals, 0 visible hall flashes, 0 latched-mask intervals
note: visible hall flashes are only a rendering lower bound; the sourced movement blackout can hide logically accepted Foxy flashes
[decode-once] office / mask / camera intervals: exit 0, 13s, ok
--- run timeline and terminal outcome ---
tools/device/../../captures/night7-night7-k3-full-03-20260915T050517Z.mp4: 123 frames at 2.0 fps, 640x288
      0.0s ->     8.5s  (   8.5s)  camera
      8.5s ->    11.0s  (   2.5s)  other
     11.0s ->    31.5s  (  20.5s)  camera
     31.5s ->    34.0s  (   2.5s)  intro
     34.0s ->    36.0s  (   2.0s)  dark
     36.0s ->    42.5s  (   6.5s)  office
     42.5s ->    45.5s  (   3.0s)  unknown
     45.5s ->    53.0s  (   7.5s)  camera
     53.0s ->    55.5s  (   2.5s)  other
     55.5s ->    61.5s  (   6.0s)  camera

  TERMINAL: unknown
  nothing terminal was captured; the recording may stop before the end of the night
[decode-once] run timeline and terminal outcome: exit 0, 25s, ok
[decode-once] 2 shared decode(s) for 7 instruments: 7 branches in 10.6s (exit 0), 3 branches in 9.8s (exit 0)
[ 1/13   7%] video instruments over one shared decode (survival, cameras, light, keyframes, box, intervals, timeline) took 25s (pipeline 31s)

[ 2/13  15%] --- campaign bundle (executor-owned facts) ---
--- modern campaign bundle (executor-owned facts) ---
  night reached               NO -- the run never entered a night
  arm mode                    observe-once
  arm                         UNKNOWN on attempt 1 (0 retries, 0 samples)
  arm verified at             UNKNOWN
  parked prefix (plan)        UNKNOWN
  PHASE LAG (suffix shift)    none -- observe-once never parks the stream
  cycle gates                 0 (0 agreed, 0 corrected, 0 aborted)
  gate lag                    UNKNOWN
  delivered offset            UNKNOWN
  corrections landed          0 confirmed, 0 unconfirmed, 0 unread, 0 never read back
  press acceptance            no transition was graded
  stop reason                 campaign-abort (spawnSync adb ETIMEDOUT)
[ 2/13  15%] campaign bundle (executor-owned facts) took 0s (pipeline 31s)

[ 3/13  23%] --- delivered phase vs the model band ---
file://tools/device/phase-reconstruct.mjs:32
const fail = message => { throw new Error(`phase reconstruction: ${message}`); };
                                ^

Error: phase reconstruction: bundle has no hid.schedule-start
    at fail (file://tools/device/phase-reconstruct.mjs:32:33)
    at reconstruct (file://tools/device/phase-reconstruct.mjs:151:15)
    at file://tools/device/phase-reconstruct.mjs:371:18
    at ModuleJob.run (node:internal/modules/esm/module_job:343:25)
    at async onImport.tracePromise.__proto__ (node:internal/modules/esm/loader:681:26)
    at async asyncRunEntryPointWithESMLoader (node:internal/modules/run_main:117:5)

Node.js v22.23.2
  ^ FAILED (resource-limited or diagnostic error)
[ 3/13  23%] delivered phase vs the model band took 0s (pipeline 31s)

--- native-frame state coverage for the actuation ---
  no frame trace for night7-night7-k3-full-03-20260915T050517Z: frame-level state coverage and input/frame
  alignment are UNKNOWN. Nothing was measured.

--- elegance (inputs sent vs needed) ---
  no driver log for night7-night7-k3-full-03-20260915T050517Z; nothing to count. Runs before 2026-08-26 have none.

--- Balloon Boy's vent bang ---
  no raw audio kept for night7-night7-k3-full-03-20260915T050517Z; scan-night requires a receiver PCM capture.
  external authority facts are also absent; run with CUE_AUDIO=1 AUDIO_AUTHORITY_SOCKET=PATH.

==============================================================
VERDICT: at least one instrument FAILED for night7-night7-k3-full-03-20260915T050517Z -- read above
==============================================================
