==============================================================
run: night1-minus7-n1-first-20260919T215327Z
==============================================================
capture: night1-minus7-n1-first-20260919T215327Z.mp4
hid trace: MISSING (run with HID_TRACE_RUN=1)
input trace: none (run atrace-input.sh around the command)
SurfaceFlinger latency: none (set SF_LAYER for capture)
cue trace: none (run with CUE_HELPER=1)
legacy night PCM: none (receiver owns live audio)
audio facts: none (run with external authority socket)
session manifest: none (unmanifested run)
campaign bundle: artifacts/campaign-2026-09-19T21-53-40.404Z
frame trace: none (run query-cue-helper.sh trace start/stop around the run)
capture rate: 46 fps (ffprobe 590640/12851)
  using measured 46 fps for timing-sensitive graders (nominal 60)

--- session manifest (v1 provenance contract) ---
  no night1-minus7-n1-first-20260919T215327Z-session.json: this run is unmanifested, so nothing below can
  name its game build, model hashes, clock alignment or win evidence.
  Nothing was validated.
  Run under tools/device/trial.sh, which emits one.

--- input dispatch / frame landing (Perfetto) ---
  no input trace kept for night1-minus7-n1-first-20260919T215327Z; rendered video cannot establish dispatch.

--- clock transitions (HUD first frame, 1 AM) ---
clocktrace: office HUD was not found

[ 1/13   7%] --- video instruments over one shared decode (survival, cameras, light, keyframes, box, intervals, timeline) ---
           ... video instruments over one shared decode (survival, cameras, light, keyframes, box, intervals, timeline) still running (20s)
--- survival (the only number that is a run length) ---
tools/device/../../captures/night1-minus7-n1-first-20260919T215327Z.mp4: 214 frames at 4.0 fps
  night HUD appears at 28.5s
  1 HUD-absent stretches contain no death static -- the monitor is up; longest 14.8s at 38.8s
  1 of them go fully dark and the HUD returns after -- longest 14.8s at 38.8s. A dark camera, a raised mask and a death minigame are not separated here: UNKNOWN(dark is ambiguous)
  HUD last seen at 38.5s of 53.5s recorded
  ALIVE for at least 10.2s -- nothing in this recording shows the run ending, so this is a lower bound
[decode-once] survival (the only number that is a run length): exit 0, 13s, ok
--- camera selections ---
tools/device/../../captures/night1-minus7-n1-first-20260919T215327Z.mp4: selected-camera trace at 46 fps
  cam 04    4.04s ->   8.37s  (4.33s)
  cam 04   10.83s ->  10.91s  (0.09s)
  cam 04   24.91s ->  25.02s  (0.11s)
  cam 04   42.13s ->  46.46s  (4.33s)
  cam 04   48.93s ->  51.30s  (2.37s)
summary: 0 complete 10-04-07-11 sweeps, 0 incomplete sweep starts
[decode-once] camera selections: exit 0, 13s, ok
--- camera light actually flashing ---
tools/device/../../captures/night1-minus7-n1-first-20260919T215327Z.mp4: signature sweepcheck-signature.json  (sweep lit iff >=2/3 cams)
summary: 0/0 sweeps lit (>=2 of 3 cameras)
NO GRADABLE SWEEP: no sweep window was found in this run, so this instrument says nothing about whether the light fired.
[decode-once] camera light actually flashing: exit 3, 26s, a result about the run, not an instrument failure
--- keyframes (what the run contained) ---
tools/device/../../captures/night1-minus7-n1-first-20260919T215327Z.mp4: 107 frames at 2.0 fps, 12 kept
  timestamps: 0.0s 1.5s 8.5s 10.5s 12.5s 13.5s 25.0s 26.0s 28.5s 38.5s 40.5s 49.0s
  sheet: tools/device/../../captures/night1-minus7-n1-first-20260919T215327Z-keyframes.png
[decode-once] keyframes (what the run contained): exit 0, 26s, ok
--- music box ---
tools/device/../../captures/night1-minus7-n1-first-20260919T215327Z.mp4: 53.58s sampled at 12 fps
  cam11   4.00s ->   8.33s    0.0% ->   2.4%  (range   0.0-  2.4%)
  cam11  10.83s ->  10.92s    2.4% ->   2.4%  (range   2.4-  2.4%)
  cam11  24.83s ->  25.08s    1.2% ->   1.8%  (range   1.1-  1.8%)
  cam11  42.08s ->  46.50s    0.0% ->   2.4%  (range   0.0-  2.4%)
  cam11  48.92s ->  51.33s    2.4% ->   2.4%  (range   2.4-  2.4%)
[decode-once] music box: exit 0, 13s, ok
--- office / mask / camera intervals ---
tools/device/../../captures/night1-minus7-n1-first-20260919T215327Z.mp4: 53.58s sampled at 12 fps
  camera   0.00s ->   0.67s  (0.67s)
  camera   1.58s ->   1.83s  (0.25s)
  camera  11.33s ->  14.67s  (3.33s)
  camera  15.58s ->  16.92s  (1.33s)
  camera  17.67s ->  18.08s  (0.42s)
  camera  19.50s ->  22.33s  (2.83s)
  camera  38.67s ->  39.58s  (0.92s)
  camera  40.25s ->  41.08s  (0.83s)
  camera  51.58s ->  53.50s  (1.92s)
summary: 9 camera intervals, 0 visible hall flashes, 0 latched-mask intervals
note: visible hall flashes are only a rendering lower bound; the sourced movement blackout can hide logically accepted Foxy flashes
[decode-once] office / mask / camera intervals: exit 0, 13s, ok
--- run timeline and terminal outcome ---
tools/device/../../captures/night1-minus7-n1-first-20260919T215327Z.mp4: 107 frames at 2.0 fps, 640x288
      0.0s ->     4.0s  (   4.0s)  other
      4.0s ->     8.5s  (   4.5s)  camera
      8.5s ->    22.5s  (  14.0s)  other
     22.5s ->    25.5s  (   3.0s)  intro
     25.5s ->    28.5s  (   3.0s)  unknown
     28.5s ->    38.5s  (  10.0s)  office
     38.5s ->    42.0s  (   3.5s)  other
     42.0s ->    46.5s  (   4.5s)  camera
     46.5s ->    49.0s  (   2.5s)  other
     49.0s ->    51.5s  (   2.5s)  camera
     51.5s ->    53.5s  (   2.0s)  other

  TERMINAL: unknown
  nothing terminal was captured; the recording may stop before the end of the night
[decode-once] run timeline and terminal outcome: exit 0, 26s, ok
[decode-once] 2 shared decode(s) for 7 instruments: 7 branches in 11.0s (exit 0), 3 branches in 10.0s (exit 0)
[ 1/13   7%] video instruments over one shared decode (survival, cameras, light, keyframes, box, intervals, timeline) took 26s (pipeline 32s)

[ 2/13  15%] --- campaign bundle (executor-owned facts) ---
--- modern campaign bundle (executor-owned facts) ---
  night reached               NO -- the run never entered a night
  arm mode                    blocking
  arm                         UNKNOWN on attempt 1 (0 retries, 0 samples)
  arm verified at             UNKNOWN
  parked prefix (plan)        UNKNOWN
  PHASE LAG (suffix shift)    UNKNOWN
  cycle gates                 0 (0 agreed, 0 corrected, 0 aborted)
  gate lag                    UNKNOWN
  delivered offset            UNKNOWN
  corrections landed          0 confirmed, 0 unconfirmed, 0 unread, 0 never read back
  press acceptance            no transition was graded
  stop reason                 campaign-abort (campaign bundle: armMode requires an arm-verified plan)
[ 2/13  15%] campaign bundle (executor-owned facts) took 0s (pipeline 32s)

[ 3/13  23%] --- delivered phase vs the model band ---
file://tools/device/phase-reconstruct.mjs:32
const fail = message => { throw new Error(`phase reconstruction: ${message}`); };
                                ^

Error: phase reconstruction: bundle has no hid.schedule-start
    at fail (file://tools/device/phase-reconstruct.mjs:32:33)
    at reconstruct (file://tools/device/phase-reconstruct.mjs:185:15)
    at file://tools/device/phase-reconstruct.mjs:412:18
    at ModuleJob.run (node:internal/modules/esm/module_job:343:25)
    at async onImport.tracePromise.__proto__ (node:internal/modules/esm/loader:681:26)
    at async asyncRunEntryPointWithESMLoader (node:internal/modules/run_main:117:5)

Node.js v22.23.2
  ^ FAILED (resource-limited or diagnostic error)
[ 3/13  23%] delivered phase vs the model band took 0s (pipeline 32s)

--- native-frame state coverage for the actuation ---
  no frame trace for night1-minus7-n1-first-20260919T215327Z: frame-level state coverage and input/frame
  alignment are UNKNOWN. Nothing was measured.

--- elegance (inputs sent vs needed) ---
  no driver log for night1-minus7-n1-first-20260919T215327Z; nothing to count. Runs before 2026-08-26 have none.

--- Balloon Boy's vent bang ---
  no raw audio kept for night1-minus7-n1-first-20260919T215327Z; scan-night requires a receiver PCM capture.
  external authority facts are also absent; run with CUE_AUDIO=1 AUDIO_AUTHORITY_SOCKET=PATH.

==============================================================
VERDICT: at least one instrument FAILED for night1-minus7-n1-first-20260919T215327Z -- read above
==============================================================
