==============================================================
run: night7-n7-420-minimal-m2-20260914T015236Z
==============================================================
capture: night7-n7-420-minimal-m2-20260914T015236Z.mp4
hid trace: MISSING (run with HID_TRACE_RUN=1)
input trace: none (run atrace-input.sh around the command)
SurfaceFlinger latency: none (set SF_LAYER for capture)
cue trace: none (run with CUE_HELPER=1)
legacy night PCM: none (receiver owns live audio)
audio facts: none (run with external authority socket)
session manifest: none (unmanifested run)
campaign bundle: artifacts/campaign-2026-09-14T01-52-51.854Z
frame trace: none (run query-cue-helper.sh trace start/stop around the run)
capture rate: 52 fps (ffprobe 542700000/10512751)
  using measured 52 fps for timing-sensitive graders (nominal 60)

--- session manifest (v1 provenance contract) ---
  no night7-n7-420-minimal-m2-20260914T015236Z-session.json: this run is unmanifested, so nothing below can
  name its game build, model hashes, clock alignment or win evidence.
  Nothing was validated.
  Run under tools/device/trial.sh, which emits one.

--- input dispatch / frame landing (Perfetto) ---
  no input trace kept for night7-n7-420-minimal-m2-20260914T015236Z; rendered video cannot establish dispatch.

--- clock transitions (HUD first frame, 1 AM) ---
clocktrace: HUD first=33346ms; 1 AM was not found

[ 1/13   7%] --- video instruments over one shared decode (survival, cameras, light, keyframes, box, intervals, timeline) ---
           ... video instruments over one shared decode (survival, cameras, light, keyframes, box, intervals, timeline) still running (20s)
           ... video instruments over one shared decode (survival, cameras, light, keyframes, box, intervals, timeline) still running (40s)
--- survival (the only number that is a run length) ---
tools/device/../../captures/night7-n7-420-minimal-m2-20260914T015236Z.mp4: 467 frames at 4.0 fps
  night HUD appears at 33.2s
  HUD gone for good from 90.5s: death static (temporal: 20 frames, 5.0s, mean 35, tdiff 37)
  ALIVE for 57.2s
[decode-once] survival (the only number that is a run length): exit 0, 30s, ok
--- camera selections ---
tools/device/../../captures/night7-n7-420-minimal-m2-20260914T015236Z.mp4: selected-camera trace at 52 fps
  cam 07   36.17s ->  36.27s  (0.10s)
  cam 11   36.35s ->  36.79s  (0.44s)
  cam 11   37.83s ->  40.08s  (2.25s)
  cam 11   46.52s ->  50.04s  (3.52s)
  cam 11   56.52s ->  60.08s  (3.56s)
  cam 11   66.50s ->  70.10s  (3.60s)
  cam 11   80.37s ->  86.27s  (5.90s)
summary: 0 complete 10-04-07-11 sweeps, 0 incomplete sweep starts
[decode-once] camera selections: exit 0, 30s, ok
--- camera light actually flashing ---
tools/device/../../captures/night7-n7-420-minimal-m2-20260914T015236Z.mp4: signature sweepcheck-signature.json  (sweep lit iff >=2/3 cams)
  sweep  1: cam10=dark  cam04=dark  cam07=dark   -> DARK
summary: 0/1 sweeps lit (>=2 of 3 cameras)
[decode-once] camera light actually flashing: exit 3, 59s, a result about the run, not an instrument failure
--- keyframes (what the run contained) ---
tools/device/../../captures/night7-n7-420-minimal-m2-20260914T015236Z.mp4: 234 frames at 2.0 fps, 12 kept
  timestamps: 0.0s 16.0s 24.5s 36.0s 36.5s 37.5s 50.0s 56.0s 67.0s 90.0s 101.5s 109.0s
  sheet: tools/device/../../captures/night7-n7-420-minimal-m2-20260914T015236Z-keyframes.png
[decode-once] keyframes (what the run contained): exit 0, 59s, ok
--- music box ---
tools/device/../../captures/night7-n7-420-minimal-m2-20260914T015236Z.mp4: 116.83s sampled at 12 fps
  cam11  38.00s ->  39.75s   75.6% ->  91.5%  (range  75.6- 91.5%)
  cam11  46.67s ->  50.00s   61.2% -> 100.0%  (range  61.2-100.0%)
  cam11  56.75s ->  60.00s   67.5% -> 100.0%  (range  67.5-100.0%)
  cam11  66.67s ->  70.00s   67.5% -> 100.0%  (range  67.5-100.0%)
  cam11  96.75s ->  96.83s    9.0% ->   9.0%  (range   9.0-  9.0%)
[decode-once] music box: exit 0, 30s, ok
--- office / mask / camera intervals ---
tools/device/../../captures/night7-n7-420-minimal-m2-20260914T015236Z.mp4: 116.83s sampled at 12 fps
  camera   0.00s ->   3.33s  (3.33s)
  camera  13.67s ->  18.67s  (5.00s)
  camera  19.58s ->  20.25s  (0.67s)
  camera  20.92s ->  24.25s  (3.33s)
  office  33.33s ->  35.92s  (2.58s)
  camera  36.17s ->  36.92s  (0.75s)
  office  37.00s ->  37.67s  (0.67s)
  camera  37.75s ->  40.50s  (2.75s)
  office  40.50s ->  46.33s  (5.83s)
  camera  46.42s ->  50.50s  (4.08s)
  office  50.50s ->  55.58s  (5.08s)
  hall    55.58s ->  56.00s  (0.42s)
  office  56.00s ->  56.33s  (0.33s)
  camera  56.42s ->  60.50s  (4.08s)
  office  60.50s ->  65.58s  (5.08s)
  hall    65.58s ->  66.00s  (0.42s)
  camera  66.42s ->  70.50s  (4.08s)
  office  70.50s ->  75.58s  (5.08s)
  hall    75.58s ->  76.00s  (0.42s)
  office  76.00s ->  79.92s  (3.92s)
  hall    79.92s ->  80.08s  (0.17s)
  camera  80.25s ->  86.25s  (6.00s)
  office  86.42s ->  89.92s  (3.50s)
  camera  90.08s ->  95.17s  (5.08s)
  camera  96.17s ->  96.83s  (0.67s)
  camera 100.67s -> 103.92s  (3.25s)
  camera 114.33s -> 116.67s  (2.33s)
summary: 14 camera intervals, 4 visible hall flashes, 0 latched-mask intervals
note: visible hall flashes are only a rendering lower bound; the sourced movement blackout can hide logically accepted Foxy flashes
[decode-once] office / mask / camera intervals: exit 0, 30s, ok
--- run timeline and terminal outcome ---
tools/device/../../captures/night7-n7-420-minimal-m2-20260914T015236Z.mp4: 234 frames at 2.0 fps, 640x288
      0.0s ->     4.0s  (   4.0s)  other
      4.0s ->     8.5s  (   4.5s)  camera
      8.5s ->    10.5s  (   2.0s)  unknown
     10.5s ->    13.5s  (   3.0s)  camera
     13.5s ->    29.0s  (  15.5s)  other
     29.0s ->    31.5s  (   2.5s)  intro
     31.5s ->    33.5s  (   2.0s)  dark
     33.5s ->    38.0s  (   4.5s)  office
     38.0s ->    40.0s  (   2.0s)  camera
     40.0s ->    46.5s  (   6.5s)  office
     46.5s ->    50.0s  (   3.5s)  camera
     50.0s ->    56.5s  (   6.5s)  office
     56.5s ->    60.0s  (   3.5s)  camera
     60.0s ->    66.5s  (   6.5s)  office
     66.5s ->    70.0s  (   3.5s)  camera
     70.0s ->    80.5s  (  10.5s)  office
     80.5s ->    86.5s  (   6.0s)  camera
     86.5s ->    90.5s  (   4.0s)  office
     90.5s ->    97.5s  (   7.0s)  other
     97.5s ->   100.5s  (   3.0s)  unknown
    100.5s ->   104.5s  (   4.0s)  other
    104.5s ->   109.0s  (   4.5s)  camera
    109.0s ->   111.5s  (   2.5s)  unknown
    111.5s ->   114.0s  (   2.5s)  camera
    114.0s ->   117.0s  (   3.0s)  other

  TERMINAL: unknown
  nothing terminal was captured; the recording may stop before the end of the night
[decode-once] run timeline and terminal outcome: exit 0, 59s, ok
[decode-once] 2 shared decode(s) for 7 instruments: 7 branches in 27.5s (exit 0), 3 branches in 26.5s (exit 0)
[ 1/13   7%] video instruments over one shared decode (survival, cameras, light, keyframes, box, intervals, timeline) took 59s (pipeline 75s)

[ 2/13  15%] --- campaign bundle (executor-owned facts) ---
--- modern campaign bundle (executor-owned facts) ---
  night reached               yes
  arm mode                    observe-once
  arm                         VERIFIED on attempt 1 (0 retries, 1 samples)
  arm verified at             9546 ms
  parked prefix (plan)        UNKNOWN
  PHASE LAG (suffix shift)    none -- observe-once never parks the stream
  cycle gates                 6 (6 agreed, 0 corrected, 0 aborted)
  gate lag                    UNKNOWN
  delivered offset            UNKNOWN
  corrections landed          0 confirmed, 0 unconfirmed, 0 unread, 0 never read back
  press acceptance            2 graded -- 1 UNSTABLE, 1 PASS
  stop reason                 campaign-abort (device: lifecycle left night state (static))
[ 2/13  15%] campaign bundle (executor-owned facts) took 0s (pipeline 75s)

[ 3/13  23%] --- delivered phase vs the model band ---
           ... delivered phase vs the model band still running (20s)
{
  "schema": "device-phase-reconstruction-v1",
  "origin": {
    "kind": "lifecycle-classification",
    "nightGoAt": 1789350790914,
    "releasedAt": 1789350793247,
    "errorVersusFirstNightFrameMs": "UNKNOWN",
    "bracketedByMs": 3786,
    "priorSampleLabel": "state=intro",
    "observationCadenceMs": {
      "min": 802,
      "p50": 1915,
      "max": 13831
    }
  },
  "plannedPhaseOffsetMs": 0,
  "actionCount": 171,
  "arm": null,
  "cycles": [
    {
      "gateAtMs": 5700,
      "nextActionId": "clear-1",
      "status": "AGREED",
      "believedMaskOn": null,
      "observedMaskOn": false,
      "maskEvidence": "no-mask-in-plan",
      "readCount": 1,
      "gateLagMs": null,
      "deliveredOffsetMs": null
    },
    {
      "gateAtMs": 15700,
      "nextActionId": "clear-1",
      "status": "AGREED",
      "believedMaskOn": null,
      "observedMaskOn": false,
      "maskEvidence": "no-mask-in-plan",
      "readCount": 1,
      "gateLagMs": null,
      "deliveredOffsetMs": null
    },
    {
      "gateAtMs": 25700,
      "nextActionId": "clear-1",
      "status": "AGREED",
      "believedMaskOn": null,
      "observedMaskOn": false,
      "maskEvidence": "no-mask-in-plan",
      "readCount": 1,
      "gateLagMs": null,
      "deliveredOffsetMs": null
    },
    {
      "gateAtMs": 35700,
      "nextActionId": "clear-1",
      "status": "AGREED",
      "believedMaskOn": null,
      "observedMaskOn": false,
      "maskEvidence": "no-mask-in-plan",
      "readCount": 1,
      "gateLagMs": null,
      "deliveredOffsetMs": null
    },
    {
      "gateAtMs": 45700,
      "nextActionId": "clear-1",
      "status": "AGREED",
      "believedMaskOn": null,
      "observedMaskOn": false,
      "maskEvidence": "no-mask-in-plan",
      "readCount": 1,
      "gateLagMs": null,
      "deliveredOffsetMs": null
    },
    {
      "gateAtMs": 55700,
      "nextActionId": "clear-1",
      "status": "AGREED",
      "believedMaskOn": null,
      "observedMaskOn": null,
      "maskEvidence": "no-mask-in-plan",
      "readCount": 5,
      "gateLagMs": null,
      "deliveredOffsetMs": null
    }
  ],
  "deliveredOffsetMs": null,
  "terminal": {
    "lastNightAt": 1789350848787,
    "terminalAt": 1789350850420,
    "terminalLabel": "state=static",
    "bracketMs": 1633,
    "attribution": "UNKNOWN"
  },
  "run": "artifacts/campaign-2026-09-14T01-52-51.854Z",
  "model": {
    "night": 7,
    "seeds": 100,
    "ventMaskTicks": 5,
    "rows": [
      {
        "epochMs": 0,
        "maskTicks": 5,
        "wins": 100,
        "armed": 100,
        "seeds": 100,
        "deaths": {}
      },
      {
        "epochMs": 16.67,
        "maskTicks": 5,
        "wins": 100,
        "armed": 100,
        "seeds": 100,
        "deaths": {}
      },
      {
        "epochMs": 33.33,
        "maskTicks": 5,
        "wins": 100,
        "armed": 100,
        "seeds": 100,
        "deaths": {}
      },
      {
        "epochMs": 50,
        "maskTicks": 5,
        "wins": 100,
        "armed": 100,
        "seeds": 100,
        "deaths": {}
      },
      {
        "epochMs": 66.67,
        "maskTicks": 5,
        "wins": 100,
        "armed": 100,
        "seeds": 100,
        "deaths": {}
      },
      {
        "epochMs": 83.33,
        "maskTicks": 5,
        "wins": 100,
        "armed": 100,
        "seeds": 100,
        "deaths": {}
      },
      {
        "epochMs": 100,
        "maskTicks": 5,
        "wins": 100,
        "armed": 100,
        "seeds": 100,
        "deaths": {}
      },
      {
        "epochMs": 116.67,
        "maskTicks": 5,
        "wins": 0,
        "armed": 0,
        "seeds": 100,
        "deaths": {
          "puppet": 81,
          "inside-office": 19
        }
      },
      {
        "epochMs": 133.33,
        "maskTicks": 5,
        "wins": 0,
        "armed": 0,
        "seeds": 100,
        "deaths": {
          "puppet": 81,
          "inside-office": 19
        }
      },
      {
        "epochMs": 150,
        "maskTicks": 5,
        "wins": 0,
        "armed": 0,
        "seeds": 100,
        "deaths": {
          "puppet": 81,
          "inside-office": 19
        }
      },
      {
        "epochMs": 166.67,
        "maskTicks": 5,
        "wins": 100,
        "armed": 100,
        "seeds": 100,
        "deaths": {}
      },
      {
        "epochMs": 183.33,
        "maskTicks": 5,
        "wins": 100,
        "armed": 100,
        "seeds": 100,
        "deaths": {}
      },
      {
        "epochMs": 200,
        "maskTicks": 5,
        "wins": 100,
        "armed": 100,
        "seeds": 100,
        "deaths": {}
      },
      {
        "epochMs": 216.67,
        "maskTicks": 5,
        "wins": 100,
        "armed": 100,
        "seeds": 100,
        "deaths": {}
      },
      {
        "epochMs": 233.33,
        "maskTicks": 5,
        "wins": 100,
        "armed": 100,
        "seeds": 100,
        "deaths": {}
      },
      {
        "epochMs": 250,
        "maskTicks": 5,
        "wins": 100,
        "armed": 100,
        "seeds": 100,
        "deaths": {}
      },
      {
        "epochMs": 266.67,
        "maskTicks": 5,
        "wins": 100,
        "armed": 100,
        "seeds": 100,
        "deaths": {}
      },
      {
        "epochMs": 283.33,
        "maskTicks": 5,
        "wins": 100,
        "armed": 100,
        "seeds": 100,
        "deaths": {}
      },
      {
        "epochMs": 300,
        "maskTicks": 5,
        "wins": 100,
        "armed": 100,
        "seeds": 100,
        "deaths": {}
      },
      {
        "epochMs": 316.67,
        "maskTicks": 5,
        "wins": 0,
        "armed": 0,
        "seeds": 100,
        "deaths": {
          "puppet": 82,
          "inside-office": 18
        }
      },
      {
        "epochMs": 333.33,
        "maskTicks": 5,
        "wins": 0,
        "armed": 0,
        "seeds": 100,
        "deaths": {
          "puppet": 82,
          "inside-office": 18
        }
      },
      {
        "epochMs": 350,
        "maskTicks": 5,
        "wins": 0,
        "armed": 0,
        "seeds": 100,
        "deaths": {
          "puppet": 82,
          "inside-office": 18
        }
      },
      {
        "epochMs": 366.67,
        "maskTicks": 4,
        "wins": 0,
        "armed": 100,
        "seeds": 100,
        "deaths": {
          "foxy": 86,
          "inside-office": 14
        }
      },
      {
        "epochMs": 383.33,
        "maskTicks": 4,
        "wins": 0,
        "armed": 100,
        "seeds": 100,
        "deaths": {
          "foxy": 86,
          "inside-office": 14
        }
      },
      {
        "epochMs": 400,
        "maskTicks": 4,
        "wins": 0,
        "armed": 100,
        "seeds": 100,
        "deaths": {
          "foxy": 86,
          "inside-office": 14
        }
      },
      {
        "epochMs": 416.67,
        "maskTicks": 4,
        "wins": 0,
        "armed": 100,
        "seeds": 100,
        "deaths": {
          "foxy": 86,
          "inside-office": 14
        }
      },
      {
        "epochMs": 433.33,
        "maskTicks": 4,
        "wins": 0,
        "armed": 100,
        "seeds": 100,
        "deaths": {
          "foxy": 86,
          "inside-office": 14
        }
      },
      {
        "epochMs": 450,
        "maskTicks": 4,
        "wins": 0,
        "armed": 100,
        "seeds": 100,
        "deaths": {
          "foxy": 85,
          "inside-office": 15
        }
      },
      {
        "epochMs": 466.67,
        "maskTicks": 4,
        "wins": 0,
        "armed": 100,
        "seeds": 100,
        "deaths": {
          "inside-office": 20,
          "foxy": 80
        }
      },
      {
        "epochMs": 483.33,
        "maskTicks": 4,
        "wins": 0,
        "armed": 100,
        "seeds": 100,
        "deaths": {
          "foxy": 100
        }
      },
      {
        "epochMs": 500,
        "maskTicks": 4,
        "wins": 0,
        "armed": 100,
        "seeds": 100,
        "deaths": {
          "foxy": 100
        }
      },
      {
        "epochMs": 516.67,
        "maskTicks": 4,
        "wins": 0,
        "armed": 0,
        "seeds": 100,
        "deaths": {
          "foxy": 100
        }
      },
      {
        "epochMs": 533.33,
        "maskTicks": 4,
        "wins": 0,
        "armed": 0,
        "seeds": 100,
        "deaths": {
          "foxy": 100
        }
      },
      {
        "epochMs": 550,
        "maskTicks": 4,
        "wins": 0,
        "armed": 0,
        "seeds": 100,
        "deaths": {
          "foxy": 100
        }
      },
      {
        "epochMs": 566.67,
        "maskTicks": 4,
        "wins": 0,
        "armed": 100,
        "seeds": 100,
        "deaths": {
          "foxy": 100
        }
      },
      {
        "epochMs": 583.33,
        "maskTicks": 4,
        "wins": 0,
        "armed": 100,
        "seeds": 100,
        "deaths": {
          "foxy": 100
        }
      },
      {
        "epochMs": 600,
        "maskTicks": 4,
        "wins": 0,
        "armed": 100,
        "seeds": 100,
        "deaths": {
          "foxy": 100
        }
      },
      {
        "epochMs": 616.67,
        "maskTicks": 4,
        "wins": 0,
        "armed": 100,
        "seeds": 100,
        "deaths": {
          "foxy": 100
        }
      },
      {
        "epochMs": 633.33,
        "maskTicks": 4,
        "wins": 0,
        "armed": 100,
        "seeds": 100,
        "deaths": {
          "foxy": 100
        }
      },
      {
        "epochMs": 650,
        "maskTicks": 4,
        "wins": 0,
        "armed": 100,
        "seeds": 100,
        "deaths": {
          "foxy": 100
        }
      },
      {
        "epochMs": 666.67,
        "maskTicks": 4,
        "wins": 0,
        "armed": 100,
        "seeds": 100,
        "deaths": {
          "foxy": 100
        }
      },
      {
        "epochMs": 683.33,
        "maskTicks": 4,
        "wins": 0,
        "armed": 100,
        "seeds": 100,
        "deaths": {
          "foxy": 100
        }
      },
      {
        "epochMs": 700,
        "maskTicks": 4,
        "wins": 0,
        "armed": 100,
        "seeds": 100,
        "deaths": {
          "foxy": 100
        }
      },
      {
        "epochMs": 716.67,
        "maskTicks": 4,
        "wins": 0,
        "armed": 0,
        "seeds": 100,
        "deaths": {
          "foxy": 100
        }
      },
      {
        "epochMs": 733.33,
        "maskTicks": 4,
        "wins": 0,
        "armed": 0,
        "seeds": 100,
        "deaths": {
          "foxy": 100
        }
      },
      {
        "epochMs": 750,
        "maskTicks": 4,
        "wins": 0,
        "armed": 0,
        "seeds": 100,
        "deaths": {
          "foxy": 100
        }
      },
      {
        "epochMs": 766.67,
        "maskTicks": 4,
        "wins": 0,
        "armed": 100,
        "seeds": 100,
        "deaths": {
          "foxy": 100
        }
      },
      {
        "epochMs": 783.33,
        "maskTicks": 4,
        "wins": 0,
        "armed": 100,
        "seeds": 100,
        "deaths": {
          "foxy": 100
        }
      },
      {
        "epochMs": 800,
        "maskTicks": 5,
        "wins": 0,
        "armed": 100,
        "seeds": 100,
        "deaths": {
          "foxy": 100
        }
      },
      {
        "epochMs": 816.67,
        "maskTicks": 5,
        "wins": 0,
        "armed": 100,
        "seeds": 100,
        "deaths": {
          "foxy": 100
        }
      },
      {
        "epochMs": 833.33,
        "maskTicks": 5,
        "wins": 0,
        "armed": 100,
        "seeds": 100,
        "deaths": {
          "foxy": 100
        }
      },
      {
        "epochMs": 850,
        "maskTicks": 5,
        "wins": 0,
        "armed": 100,
        "seeds": 100,
        "deaths": {
          "foxy": 100
        }
      },
      {
        "epochMs": 866.67,
        "maskTicks": 5,
        "wins": 0,
        "armed": 100,
        "seeds": 100,
        "deaths": {
          "foxy": 100
        }
      },
      {
        "epochMs": 883.33,
        "maskTicks": 5,
        "wins": 0,
        "armed": 100,
        "seeds": 100,
        "deaths": {
          "foxy": 100
        }
      },
      {
        "epochMs": 900,
        "maskTicks": 5,
        "wins": 0,
        "armed": 100,
        "seeds": 100,
        "deaths": {
          "foxy": 100
        }
      },
      {
        "epochMs": 916.67,
        "maskTicks": 5,
        "wins": 0,
        "armed": 0,
        "seeds": 100,
        "deaths": {
          "foxy": 100
        }
      },
      {
        "epochMs": 933.33,
        "maskTicks": 5,
        "wins": 0,
        "armed": 0,
        "seeds": 100,
        "deaths": {
          "foxy": 100
        }
      },
      {
        "epochMs": 950,
        "maskTicks": 5,
        "wins": 0,
        "armed": 0,
        "seeds": 100,
        "deaths": {
          "foxy": 100
        }
      },
      {
        "epochMs": 966.67,
        "maskTicks": 5,
        "wins": 0,
        "armed": 100,
        "seeds": 100,
        "deaths": {
          "foxy": 51,
          "golden-freddy": 49
        }
      },
      {
        "epochMs": 983.33,
        "maskTicks": 5,
        "wins": 0,
        "armed": 100,
        "seeds": 100,
        "deaths": {
          "foxy": 51,
          "golden-freddy": 49
        }
      }
    ],
    "lossBands": [
      {
        "fromMs": 116.67,
        "maskTicks": 5,
        "toMs": 166.67
      },
      {
        "fromMs": 316.67,
        "maskTicks": 5,
        "toMs": 1000
      }
    ],
    "uncontrolledPhase": {
      "night": 7,
      "runs": 3000,
      "wins": 791,
      "armed": 2248,
      "deaths": {
        "foxy": 1792,
        "puppet": 254,
        "inside-office": 120,
        "golden-freddy": 43
      },
      "note": "epoch drawn uniformly over one game second; the gate scores epoch 0 only"
    }
  }
}
[ 3/13  23%] delivered phase vs the model band took 21s (pipeline 96s)

--- native-frame state coverage for the actuation ---
  no frame trace for night7-n7-420-minimal-m2-20260914T015236Z: frame-level state coverage and input/frame
  alignment are UNKNOWN. Nothing was measured.

--- elegance (inputs sent vs needed) ---
  no driver log for night7-n7-420-minimal-m2-20260914T015236Z; nothing to count. Runs before 2026-08-26 have none.

--- Balloon Boy's vent bang ---
  no raw audio kept for night7-n7-420-minimal-m2-20260914T015236Z; scan-night requires a receiver PCM capture.
  external authority facts are also absent; run with CUE_AUDIO=1 AUDIO_AUTHORITY_SOCKET=PATH.

==============================================================
VERDICT: every instrument passed for night7-n7-420-minimal-m2-20260914T015236Z
==============================================================
