==============================================================
run: night7-m4-catalog-20260914T023021Z
==============================================================
capture: night7-m4-catalog-20260914T023021Z.mp4
hid trace: MISSING (run with HID_TRACE_RUN=1)
input trace: none (run atrace-input.sh around the command)
SurfaceFlinger latency: none (set SF_LAYER for capture)
cue trace: none (run with CUE_HELPER=1)
legacy night PCM: none (receiver owns live audio)
audio facts: none (run with external authority socket)
session manifest: none (unmanifested run)
campaign bundle: artifacts/campaign-2026-09-14T02-30-38.149Z
frame trace: none (run query-cue-helper.sh trace start/stop around the run)
capture rate: 43 fps (ffprobe 6660000/156533)
  using measured 43 fps for timing-sensitive graders (nominal 60)

--- session manifest (v1 provenance contract) ---
  no night7-m4-catalog-20260914T023021Z-session.json: this run is unmanifested, so nothing below can
  name its game build, model hashes, clock alignment or win evidence.
  Nothing was validated.
  Run under tools/device/trial.sh, which emits one.

--- input dispatch / frame landing (Perfetto) ---
  no input trace kept for night7-m4-catalog-20260914T023021Z; rendered video cannot establish dispatch.

--- clock transitions (HUD first frame, 1 AM) ---
clocktrace: office HUD was not found

[ 1/13   7%] --- video instruments over one shared decode (survival, cameras, light, keyframes, box, intervals, timeline) ---
           ... video instruments over one shared decode (survival, cameras, light, keyframes, box, intervals, timeline) still running (20s)
--- survival (the only number that is a run length) ---
tools/device/../../captures/night7-m4-catalog-20260914T023021Z.mp4: the HUD is never present -- no night ran at all
[decode-once] survival (the only number that is a run length): exit 1, 12s, FAILED (exit 1)
--- camera selections ---
tools/device/../../captures/night7-m4-catalog-20260914T023021Z.mp4: selected-camera trace at 43 fps
  cam 07    4.26s ->   4.30s  (0.05s)
  cam 04    4.88s ->   9.19s  (4.30s)
  cam 04   11.70s ->  14.14s  (2.44s)
  cam 04   31.26s ->  31.35s  (0.09s)
  cam 07   38.00s ->  38.05s  (0.05s)
  cam 04   38.65s ->  43.05s  (4.40s)
  cam 04   45.56s ->  47.95s  (2.40s)
summary: 0 complete 10-04-07-11 sweeps, 0 incomplete sweep starts
[decode-once] camera selections: exit 0, 12s, ok
--- camera light actually flashing ---
tools/device/../../captures/night7-m4-catalog-20260914T023021Z.mp4: signature sweepcheck-signature.json  (sweep lit iff >=2/3 cams)
summary: 0/0 sweeps lit (>=2 of 3 cameras)
NO GRADABLE SWEEP: no sweep window was found in this run, so this instrument says nothing about whether the light fired.
[decode-once] camera light actually flashing: exit 3, 24s, a result about the run, not an instrument failure
--- keyframes (what the run contained) ---
tools/device/../../captures/night7-m4-catalog-20260914T023021Z.mp4: 101 frames at 2.0 fps, 12 kept
  timestamps: 0.0s 1.5s 4.0s 9.5s 13.5s 14.0s 17.0s 25.5s 26.0s 28.0s 31.0s 49.0s
  sheet: tools/device/../../captures/night7-m4-catalog-20260914T023021Z-keyframes.png
[decode-once] keyframes (what the run contained): exit 0, 24s, ok
--- music box ---
tools/device/../../captures/night7-m4-catalog-20260914T023021Z.mp4: 50.42s sampled at 12 fps
  cam11   4.83s ->   9.25s    2.4% ->   2.4%  (range   2.4-  2.4%)
  cam11  11.67s ->  14.17s    2.4% ->   2.4%  (range   2.4-  2.4%)
  cam11  31.17s ->  31.42s    1.2% ->   1.5%  (range   0.6-  1.5%)
  cam11  38.67s ->  43.08s    2.4% ->   2.4%  (range   2.4-  2.4%)
  cam11  45.58s ->  48.00s    2.4% ->   2.4%  (range   2.4-  2.4%)
[decode-once] music box: exit 0, 12s, ok
--- office / mask / camera intervals ---
tools/device/../../captures/night7-m4-catalog-20260914T023021Z.mp4: 50.42s sampled at 12 fps
  camera   0.00s ->   3.50s  (3.50s)
  camera  14.42s ->  21.25s  (6.83s)
  camera  21.83s ->  24.25s  (2.42s)
  camera  24.83s ->  25.83s  (1.00s)
  camera  35.00s ->  38.00s  (3.00s)
  camera  48.00s ->  50.42s  (2.42s)
summary: 6 camera intervals, 0 visible hall flashes, 0 latched-mask intervals
note: visible hall flashes are only a rendering lower bound; the sourced movement blackout can hide logically accepted Foxy flashes
[decode-once] office / mask / camera intervals: exit 0, 12s, ok
--- run timeline and terminal outcome ---
tools/device/../../captures/night7-m4-catalog-20260914T023021Z.mp4: 101 frames at 2.0 fps, 640x288
      0.0s ->     9.0s  (   9.0s)  camera
      9.0s ->    11.5s  (   2.5s)  other
     11.5s ->    32.0s  (  20.5s)  camera
     32.0s ->    35.0s  (   3.0s)  unknown
     35.0s ->    43.0s  (   8.0s)  camera
     43.0s ->    45.5s  (   2.5s)  other
     45.5s ->    50.5s  (   5.0s)  camera

  TERMINAL: unknown
  nothing terminal was captured; the recording may stop before the end of the night
[decode-once] run timeline and terminal outcome: exit 0, 24s, ok
[decode-once] 2 shared decode(s) for 7 instruments: 7 branches in 10.0s (exit 0), 3 branches in 9.3s (exit 0)
  ^ FAILED (resource-limited or diagnostic error)
[ 1/13   7%] video instruments over one shared decode (survival, cameras, light, keyframes, box, intervals, timeline) took 24s (pipeline 30s)

[ 2/13  15%] --- campaign bundle (executor-owned facts) ---
--- modern campaign bundle (executor-owned facts) ---
  night reached               NO -- the run never entered a night
  arm mode                    blocking
  arm                         UNKNOWN on attempt 1 (0 retries, 0 samples)
  arm verified at             UNKNOWN
  parked prefix (plan)        UNKNOWN
  PHASE LAG (suffix shift)    UNKNOWN
  cycle gates                 0 (0 agreed, 0 corrected, 0 aborted)
  gate lag                    UNKNOWN
  delivered offset            UNKNOWN
  corrections landed          0 confirmed, 0 unconfirmed, 0 unread, 0 never read back
  press acceptance            no transition was graded
  stop reason                 campaign-abort (campaign bundle: armMode requires an arm-verified plan)
[ 2/13  15%] campaign bundle (executor-owned facts) took 0s (pipeline 30s)

[ 3/13  23%] --- delivered phase vs the model band ---
file://tools/device/phase-reconstruct.mjs:32
const fail = message => { throw new Error(`phase reconstruction: ${message}`); };
                                ^

Error: phase reconstruction: bundle has no hid.schedule-start
    at fail (file://tools/device/phase-reconstruct.mjs:32:33)
    at reconstruct (file://tools/device/phase-reconstruct.mjs:151:15)
    at file://tools/device/phase-reconstruct.mjs:371:18
    at ModuleJob.run (node:internal/modules/esm/module_job:343:25)
    at async onImport.tracePromise.__proto__ (node:internal/modules/esm/loader:681:26)
    at async asyncRunEntryPointWithESMLoader (node:internal/modules/run_main:117:5)

Node.js v22.23.2
  ^ FAILED (resource-limited or diagnostic error)
[ 3/13  23%] delivered phase vs the model band took 0s (pipeline 30s)

--- native-frame state coverage for the actuation ---
  no frame trace for night7-m4-catalog-20260914T023021Z: frame-level state coverage and input/frame
  alignment are UNKNOWN. Nothing was measured.

--- elegance (inputs sent vs needed) ---
  no driver log for night7-m4-catalog-20260914T023021Z; nothing to count. Runs before 2026-08-26 have none.

--- Balloon Boy's vent bang ---
  no raw audio kept for night7-m4-catalog-20260914T023021Z; scan-night requires a receiver PCM capture.
  external authority facts are also absent; run with CUE_AUDIO=1 AUDIO_AUTHORITY_SOCKET=PATH.

==============================================================
VERDICT: at least one instrument FAILED for night7-m4-catalog-20260914T023021Z -- read above
==============================================================
