==============================================================
run: night7-night7-k3-full-04-20260915T051327Z
==============================================================
capture: night7-night7-k3-full-04-20260915T051327Z.mp4
hid trace: MISSING (run with HID_TRACE_RUN=1)
input trace: none (run atrace-input.sh around the command)
SurfaceFlinger latency: none (set SF_LAYER for capture)
cue trace: none (run with CUE_HELPER=1)
legacy night PCM: none (receiver owns live audio)
audio facts: none (run with external authority socket)
session manifest: none (unmanifested run)
campaign bundle: artifacts/campaign-2026-09-15T05-13-43.241Z
frame trace: none (run query-cue-helper.sh trace start/stop around the run)
capture rate: 56 fps (ffprobe 96446250/1729169)
  using measured 56 fps for timing-sensitive graders (nominal 60)

--- session manifest (v1 provenance contract) ---
  no night7-night7-k3-full-04-20260915T051327Z-session.json: this run is unmanifested, so nothing below can
  name its game build, model hashes, clock alignment or win evidence.
  Nothing was validated.
  Run under tools/device/trial.sh, which emits one.

--- input dispatch / frame landing (Perfetto) ---
  no input trace kept for night7-night7-k3-full-04-20260915T051327Z; rendered video cannot establish dispatch.

--- clock transitions (HUD first frame, 1 AM) ---
HUD first=35125ms; 1 AM=105107ms; delta=69982ms; resolution=18ms

[ 1/13   7%] --- video instruments over one shared decode (survival, cameras, light, keyframes, box, intervals, timeline) ---
           ... video instruments over one shared decode (survival, cameras, light, keyframes, box, intervals, timeline) still running (20s)
           ... video instruments over one shared decode (survival, cameras, light, keyframes, box, intervals, timeline) still running (40s)
           ... video instruments over one shared decode (survival, cameras, light, keyframes, box, intervals, timeline) still running (60s)
--- survival (the only number that is a run length) ---
tools/device/../../captures/night7-night7-k3-full-04-20260915T051327Z.mp4: 615 frames at 4.0 fps
  night HUD appears at 35.0s
  HUD gone for good from 135.5s: death static (temporal: 8 frames, 2.0s, mean 35, tdiff 37)
  ALIVE for 100.5s
[decode-once] survival (the only number that is a run length): exit 0, 32s, ok
--- camera selections ---
tools/device/../../captures/night7-night7-k3-full-04-20260915T051327Z.mp4: selected-camera trace at 56 fps
  cam 04    4.16s ->   8.55s  (4.39s)
  cam 04   11.07s ->  13.43s  (2.36s)
  cam 07   37.89s ->  38.00s  (0.11s)
  cam 11   38.09s ->  38.50s  (0.41s)
  cam 11   39.54s ->  39.96s  (0.43s)
  cam 11   45.55s ->  48.93s  (3.38s)
  cam 11   55.55s ->  58.93s  (3.38s)
  cam 11   65.52s ->  68.96s  (3.45s)
  cam 11   75.54s ->  78.96s  (3.43s)
  cam 11   85.50s ->  88.95s  (3.45s)
  cam 11   95.52s ->  98.91s  (3.39s)
  cam 11  105.52s -> 108.95s  (3.43s)
  cam 11  115.54s -> 118.95s  (3.41s)
  cam 11  125.57s -> 128.93s  (3.36s)
summary: 0 complete 10-04-07-11 sweeps, 0 incomplete sweep starts
[decode-once] camera selections: exit 0, 32s, ok
--- camera light actually flashing ---
tools/device/../../captures/night7-night7-k3-full-04-20260915T051327Z.mp4: signature sweepcheck-signature.json  (sweep lit iff >=2/3 cams)
summary: 0/0 sweeps lit (>=2 of 3 cameras)
NO GRADABLE SWEEP: no sweep window was found in this run, so this instrument says nothing about whether the light fired.
[decode-once] camera light actually flashing: exit 3, 63s, a result about the run, not an instrument failure
--- keyframes (what the run contained) ---
tools/device/../../captures/night7-night7-k3-full-04-20260915T051327Z.mp4: 307 frames at 2.0 fps, 12 kept
  timestamps: 0.0s 1.5s 8.5s 11.5s 18.0s 26.0s 27.5s 38.0s 38.5s 84.5s 88.0s 135.0s
  sheet: tools/device/../../captures/night7-night7-k3-full-04-20260915T051327Z-keyframes.png
[decode-once] keyframes (what the run contained): exit 0, 63s, ok
--- music box ---
tools/device/../../captures/night7-night7-k3-full-04-20260915T051327Z.mp4: 153.67s sampled at 12 fps
  cam11   4.17s ->   8.58s    2.4% ->   2.4%  (range   2.4-  2.4%)
  cam11  11.08s ->  13.50s    2.4% ->   2.4%  (range   2.4-  2.4%)
  cam11  39.67s ->  39.75s   75.6% ->  75.6%  (range  75.6- 75.6%)
  cam11  45.67s ->  48.67s   29.0% ->  80.8%  (range  29.0- 80.8%)
  cam11  55.67s ->  58.75s   34.5% ->  83.4%  (range  34.5- 83.4%)
  cam11  65.67s ->  68.75s   42.2% ->  86.8%  (range  42.2- 86.8%)
  cam11  75.67s ->  78.75s   52.4% ->  91.5%  (range  52.4- 91.5%)
  cam11  85.67s ->  88.75s   61.3% -> 100.0%  (range  61.2-100.0%)
  cam11  95.75s ->  98.75s   67.8% -> 100.0%  (range  67.7-100.0%)
  cam11 105.67s -> 108.75s   61.4% -> 100.0%  (range  61.4-100.0%)
  cam11 115.67s -> 118.75s   61.3% -> 100.0%  (range  61.3-100.0%)
  cam11 125.67s -> 128.75s   61.2% -> 100.0%  (range  61.2-100.0%)
[decode-once] music box: exit 0, 32s, ok
--- office / mask / camera intervals ---
tools/device/../../captures/night7-night7-k3-full-04-20260915T051327Z.mp4: 153.67s sampled at 12 fps
  camera   0.75s ->   3.50s  (2.75s)
  camera  13.83s ->  19.33s  (5.50s)
  camera  19.92s ->  23.08s  (3.17s)
  camera  24.42s ->  24.75s  (0.33s)
  office  35.08s ->  37.75s  (2.67s)
  camera  37.83s ->  38.67s  (0.83s)
  office  38.92s ->  39.25s  (0.33s)
  camera  39.42s ->  40.00s  (0.58s)
  mask    40.67s ->  44.58s  (3.92s)  <-- latched mask
  camera  45.42s ->  48.92s  (3.50s)
  mask    49.58s ->  54.67s  (5.08s)  <-- latched mask
  office  55.08s ->  55.33s  (0.25s)
  camera  55.42s ->  58.92s  (3.50s)
  mask    59.58s ->  64.67s  (5.08s)  <-- latched mask
  office  64.83s ->  65.17s  (0.33s)
  camera  65.42s ->  69.25s  (3.83s)
  mask    69.58s ->  74.58s  (5.00s)  <-- latched mask
  camera  75.42s ->  79.00s  (3.58s)
  mask    79.58s ->  84.58s  (5.00s)  <-- latched mask
  camera  85.42s ->  89.17s  (3.75s)
  mask    89.58s ->  94.58s  (5.00s)  <-- latched mask
  office  94.83s ->  95.25s  (0.42s)
  camera  95.42s ->  98.92s  (3.50s)
  mask    99.58s -> 104.83s  (5.25s)  <-- latched mask
  camera 105.42s -> 109.42s  (4.00s)
  mask   109.58s -> 114.92s  (5.33s)  <-- latched mask
  camera 115.42s -> 118.92s  (3.50s)
  mask   119.58s -> 124.92s  (5.33s)  <-- latched mask
  camera 125.42s -> 129.17s  (3.75s)
  mask   129.58s -> 134.67s  (5.08s)  <-- latched mask
  office 134.83s -> 135.08s  (0.25s)
  camera 135.50s -> 140.58s  (5.08s)
  camera 150.83s -> 153.58s  (2.75s)
summary: 17 camera intervals, 0 visible hall flashes, 10 latched-mask intervals
note: visible hall flashes are only a rendering lower bound; the sourced movement blackout can hide logically accepted Foxy flashes
[decode-once] office / mask / camera intervals: exit 0, 32s, ok
--- run timeline and terminal outcome ---
tools/device/../../captures/night7-night7-k3-full-04-20260915T051327Z.mp4: 307 frames at 2.0 fps, 640x288
      0.0s ->     8.5s  (   8.5s)  camera
      8.5s ->    11.0s  (   2.5s)  other
     11.0s ->    30.5s  (  19.5s)  camera
     30.5s ->    33.0s  (   2.5s)  intro
     33.0s ->    35.0s  (   2.0s)  dark
     35.0s ->    40.5s  (   5.5s)  office
     40.5s ->    45.5s  (   5.0s)  mask
     45.5s ->    49.5s  (   4.0s)  camera
     49.5s ->    55.5s  (   6.0s)  mask
     55.5s ->    59.5s  (   4.0s)  camera
     59.5s ->    65.5s  (   6.0s)  mask
     65.5s ->    69.5s  (   4.0s)  camera
     69.5s ->    75.5s  (   6.0s)  mask
     75.5s ->    79.5s  (   4.0s)  camera
     79.5s ->    85.5s  (   6.0s)  mask
     85.5s ->    89.5s  (   4.0s)  camera
     89.5s ->    95.5s  (   6.0s)  mask
     95.5s ->    99.5s  (   4.0s)  camera
     99.5s ->   105.5s  (   6.0s)  mask
    105.5s ->   109.5s  (   4.0s)  camera
    109.5s ->   115.5s  (   6.0s)  mask
    115.5s ->   119.5s  (   4.0s)  camera
    119.5s ->   125.5s  (   6.0s)  mask
    125.5s ->   129.5s  (   4.0s)  camera
    129.5s ->   135.5s  (   6.0s)  mask
    135.5s ->   153.5s  (  18.0s)  other

  TERMINAL: unknown
  nothing terminal was captured; the recording may stop before the end of the night
[decode-once] run timeline and terminal outcome: exit 0, 63s, ok
[decode-once] 2 shared decode(s) for 7 instruments: 7 branches in 29.9s (exit 0), 3 branches in 28.7s (exit 0)
[ 1/13   7%] video instruments over one shared decode (survival, cameras, light, keyframes, box, intervals, timeline) took 63s (pipeline 82s)

[ 2/13  15%] --- campaign bundle (executor-owned facts) ---
--- modern campaign bundle (executor-owned facts) ---
  night reached               yes
  arm mode                    observe-once
  arm                         UNRESOLVED (non-fatal) on attempt 1 (0 retries, 1 samples)
  arm verified at             UNKNOWN
  parked prefix (plan)        UNKNOWN
  PHASE LAG (suffix shift)    none -- observe-once never parks the stream
  cycle gates                 11 (10 agreed, 0 corrected, 1 aborted)
  gate lag                    UNKNOWN
  delivered offset            UNKNOWN
  corrections landed          0 confirmed, 0 unconfirmed, 0 unread, 0 never read back
  press acceptance            3 graded -- 2 UNKNOWN, 1 PASS
  stop reason                 gate-abort (mask-state-unavailable)
[ 2/13  15%] campaign bundle (executor-owned facts) took 0s (pipeline 82s)

[ 3/13  23%] --- delivered phase vs the model band ---
           ... delivered phase vs the model band still running (20s)
{
  "schema": "device-phase-reconstruction-v1",
  "origin": {
    "kind": "lifecycle-classification",
    "nightGoAt": 1789449245817,
    "releasedAt": 1789449245818,
    "errorVersusFirstNightFrameMs": "UNKNOWN",
    "bracketedByMs": 4052,
    "priorSampleLabel": "unknown=dark-frame-no-text",
    "observationCadenceMs": {
      "min": 5,
      "p50": 1016,
      "max": 5767
    }
  },
  "plannedPhaseOffsetMs": 0,
  "actionCount": 301,
  "arm": null,
  "cycles": [
    {
      "gateAtMs": 3348,
      "nextActionId": "toys-1",
      "status": "AGREED",
      "believedMaskOn": true,
      "observedMaskOn": true,
      "maskEvidence": "button-stroke:mask-on",
      "readCount": 1,
      "gateLagMs": null,
      "deliveredOffsetMs": null
    },
    {
      "gateAtMs": 13000,
      "nextActionId": "toys-1",
      "status": "AGREED",
      "believedMaskOn": true,
      "observedMaskOn": true,
      "maskEvidence": "button-stroke:mask-on",
      "readCount": 1,
      "gateLagMs": null,
      "deliveredOffsetMs": null
    },
    {
      "gateAtMs": 23000,
      "nextActionId": "toys-1",
      "status": "AGREED",
      "believedMaskOn": true,
      "observedMaskOn": true,
      "maskEvidence": "button-stroke:mask-on",
      "readCount": 1,
      "gateLagMs": null,
      "deliveredOffsetMs": null
    },
    {
      "gateAtMs": 33000,
      "nextActionId": "toys-1",
      "status": "AGREED",
      "believedMaskOn": true,
      "observedMaskOn": true,
      "maskEvidence": "button-stroke:mask-on",
      "readCount": 1,
      "gateLagMs": null,
      "deliveredOffsetMs": null
    },
    {
      "gateAtMs": 43000,
      "nextActionId": "toys-1",
      "status": "AGREED",
      "believedMaskOn": true,
      "observedMaskOn": true,
      "maskEvidence": "button-stroke:mask-on",
      "readCount": 1,
      "gateLagMs": null,
      "deliveredOffsetMs": null
    },
    {
      "gateAtMs": 53000,
      "nextActionId": "toys-1",
      "status": "AGREED",
      "believedMaskOn": true,
      "observedMaskOn": true,
      "maskEvidence": "button-stroke:mask-on",
      "readCount": 1,
      "gateLagMs": null,
      "deliveredOffsetMs": null
    },
    {
      "gateAtMs": 63000,
      "nextActionId": "toys-1",
      "status": "AGREED",
      "believedMaskOn": true,
      "observedMaskOn": true,
      "maskEvidence": "button-stroke:mask-on",
      "readCount": 1,
      "gateLagMs": null,
      "deliveredOffsetMs": null
    },
    {
      "gateAtMs": 73000,
      "nextActionId": "toys-1",
      "status": "AGREED",
      "believedMaskOn": true,
      "observedMaskOn": true,
      "maskEvidence": "button-stroke:mask-on",
      "readCount": 1,
      "gateLagMs": null,
      "deliveredOffsetMs": null
    },
    {
      "gateAtMs": 83000,
      "nextActionId": "toys-1",
      "status": "AGREED",
      "believedMaskOn": true,
      "observedMaskOn": true,
      "maskEvidence": "button-stroke:mask-on",
      "readCount": 1,
      "gateLagMs": null,
      "deliveredOffsetMs": null
    },
    {
      "gateAtMs": 93000,
      "nextActionId": "toys-1",
      "status": "AGREED",
      "believedMaskOn": true,
      "observedMaskOn": true,
      "maskEvidence": "button-stroke:mask-on",
      "readCount": 1,
      "gateLagMs": null,
      "deliveredOffsetMs": null
    },
    {
      "gateAtMs": 103000,
      "nextActionId": "toys-1",
      "status": "UNKNOWN",
      "believedMaskOn": true,
      "observedMaskOn": null,
      "maskEvidence": "stroke-unavailable",
      "readCount": 4,
      "gateLagMs": null,
      "deliveredOffsetMs": null
    }
  ],
  "deliveredOffsetMs": null,
  "terminal": {
    "lastNightAt": 1789449345726,
    "terminalAt": 1789449347248,
    "terminalLabel": "state=static",
    "bracketMs": 1522,
    "attribution": "UNKNOWN"
  },
  "run": "artifacts/campaign-2026-09-15T05-13-43.241Z",
  "model": {
    "night": 7,
    "seeds": 100,
    "ventMaskTicks": 5,
    "rows": [
      {
        "epochMs": 0,
        "maskTicks": 5,
        "wins": 100,
        "armed": 100,
        "seeds": 100,
        "deaths": {}
      },
      {
        "epochMs": 16.67,
        "maskTicks": 5,
        "wins": 100,
        "armed": 100,
        "seeds": 100,
        "deaths": {}
      },
      {
        "epochMs": 33.33,
        "maskTicks": 5,
        "wins": 100,
        "armed": 100,
        "seeds": 100,
        "deaths": {}
      },
      {
        "epochMs": 50,
        "maskTicks": 5,
        "wins": 100,
        "armed": 100,
        "seeds": 100,
        "deaths": {}
      },
      {
        "epochMs": 66.67,
        "maskTicks": 5,
        "wins": 100,
        "armed": 100,
        "seeds": 100,
        "deaths": {}
      },
      {
        "epochMs": 83.33,
        "maskTicks": 5,
        "wins": 100,
        "armed": 100,
        "seeds": 100,
        "deaths": {}
      },
      {
        "epochMs": 100,
        "maskTicks": 5,
        "wins": 100,
        "armed": 100,
        "seeds": 100,
        "deaths": {}
      },
      {
        "epochMs": 116.67,
        "maskTicks": 5,
        "wins": 0,
        "armed": 0,
        "seeds": 100,
        "deaths": {
          "puppet": 81,
          "inside-office": 19
        }
      },
      {
        "epochMs": 133.33,
        "maskTicks": 5,
        "wins": 0,
        "armed": 0,
        "seeds": 100,
        "deaths": {
          "puppet": 81,
          "inside-office": 19
        }
      },
      {
        "epochMs": 150,
        "maskTicks": 5,
        "wins": 0,
        "armed": 0,
        "seeds": 100,
        "deaths": {
          "puppet": 81,
          "inside-office": 19
        }
      },
      {
        "epochMs": 166.67,
        "maskTicks": 5,
        "wins": 100,
        "armed": 100,
        "seeds": 100,
        "deaths": {}
      },
      {
        "epochMs": 183.33,
        "maskTicks": 5,
        "wins": 100,
        "armed": 100,
        "seeds": 100,
        "deaths": {}
      },
      {
        "epochMs": 200,
        "maskTicks": 5,
        "wins": 100,
        "armed": 100,
        "seeds": 100,
        "deaths": {}
      },
      {
        "epochMs": 216.67,
        "maskTicks": 5,
        "wins": 100,
        "armed": 100,
        "seeds": 100,
        "deaths": {}
      },
      {
        "epochMs": 233.33,
        "maskTicks": 5,
        "wins": 100,
        "armed": 100,
        "seeds": 100,
        "deaths": {}
      },
      {
        "epochMs": 250,
        "maskTicks": 5,
        "wins": 100,
        "armed": 100,
        "seeds": 100,
        "deaths": {}
      },
      {
        "epochMs": 266.67,
        "maskTicks": 5,
        "wins": 100,
        "armed": 100,
        "seeds": 100,
        "deaths": {}
      },
      {
        "epochMs": 283.33,
        "maskTicks": 5,
        "wins": 100,
        "armed": 100,
        "seeds": 100,
        "deaths": {}
      },
      {
        "epochMs": 300,
        "maskTicks": 5,
        "wins": 100,
        "armed": 100,
        "seeds": 100,
        "deaths": {}
      },
      {
        "epochMs": 316.67,
        "maskTicks": 5,
        "wins": 0,
        "armed": 0,
        "seeds": 100,
        "deaths": {
          "puppet": 82,
          "inside-office": 18
        }
      },
      {
        "epochMs": 333.33,
        "maskTicks": 5,
        "wins": 0,
        "armed": 0,
        "seeds": 100,
        "deaths": {
          "puppet": 82,
          "inside-office": 18
        }
      },
      {
        "epochMs": 350,
        "maskTicks": 5,
        "wins": 0,
        "armed": 0,
        "seeds": 100,
        "deaths": {
          "puppet": 82,
          "inside-office": 18
        }
      },
      {
        "epochMs": 366.67,
        "maskTicks": 4,
        "wins": 0,
        "armed": 100,
        "seeds": 100,
        "deaths": {
          "foxy": 86,
          "inside-office": 14
        }
      },
      {
        "epochMs": 383.33,
        "maskTicks": 4,
        "wins": 0,
        "armed": 100,
        "seeds": 100,
        "deaths": {
          "foxy": 86,
          "inside-office": 14
        }
      },
      {
        "epochMs": 400,
        "maskTicks": 4,
        "wins": 0,
        "armed": 100,
        "seeds": 100,
        "deaths": {
          "foxy": 86,
          "inside-office": 14
        }
      },
      {
        "epochMs": 416.67,
        "maskTicks": 4,
        "wins": 0,
        "armed": 100,
        "seeds": 100,
        "deaths": {
          "foxy": 86,
          "inside-office": 14
        }
      },
      {
        "epochMs": 433.33,
        "maskTicks": 4,
        "wins": 0,
        "armed": 100,
        "seeds": 100,
        "deaths": {
          "foxy": 86,
          "inside-office": 14
        }
      },
      {
        "epochMs": 450,
        "maskTicks": 4,
        "wins": 0,
        "armed": 100,
        "seeds": 100,
        "deaths": {
          "foxy": 85,
          "inside-office": 15
        }
      },
      {
        "epochMs": 466.67,
        "maskTicks": 4,
        "wins": 0,
        "armed": 100,
        "seeds": 100,
        "deaths": {
          "inside-office": 20,
          "foxy": 80
        }
      },
      {
        "epochMs": 483.33,
        "maskTicks": 4,
        "wins": 0,
        "armed": 100,
        "seeds": 100,
        "deaths": {
          "foxy": 100
        }
      },
      {
        "epochMs": 500,
        "maskTicks": 4,
        "wins": 0,
        "armed": 100,
        "seeds": 100,
        "deaths": {
          "foxy": 100
        }
      },
      {
        "epochMs": 516.67,
        "maskTicks": 4,
        "wins": 0,
        "armed": 0,
        "seeds": 100,
        "deaths": {
          "foxy": 100
        }
      },
      {
        "epochMs": 533.33,
        "maskTicks": 4,
        "wins": 0,
        "armed": 0,
        "seeds": 100,
        "deaths": {
          "foxy": 100
        }
      },
      {
        "epochMs": 550,
        "maskTicks": 4,
        "wins": 0,
        "armed": 0,
        "seeds": 100,
        "deaths": {
          "foxy": 100
        }
      },
      {
        "epochMs": 566.67,
        "maskTicks": 4,
        "wins": 0,
        "armed": 100,
        "seeds": 100,
        "deaths": {
          "foxy": 100
        }
      },
      {
        "epochMs": 583.33,
        "maskTicks": 4,
        "wins": 0,
        "armed": 100,
        "seeds": 100,
        "deaths": {
          "foxy": 100
        }
      },
      {
        "epochMs": 600,
        "maskTicks": 4,
        "wins": 0,
        "armed": 100,
        "seeds": 100,
        "deaths": {
          "foxy": 100
        }
      },
      {
        "epochMs": 616.67,
        "maskTicks": 4,
        "wins": 0,
        "armed": 100,
        "seeds": 100,
        "deaths": {
          "foxy": 100
        }
      },
      {
        "epochMs": 633.33,
        "maskTicks": 4,
        "wins": 0,
        "armed": 100,
        "seeds": 100,
        "deaths": {
          "foxy": 100
        }
      },
      {
        "epochMs": 650,
        "maskTicks": 4,
        "wins": 0,
        "armed": 100,
        "seeds": 100,
        "deaths": {
          "foxy": 100
        }
      },
      {
        "epochMs": 666.67,
        "maskTicks": 4,
        "wins": 0,
        "armed": 100,
        "seeds": 100,
        "deaths": {
          "foxy": 100
        }
      },
      {
        "epochMs": 683.33,
        "maskTicks": 4,
        "wins": 0,
        "armed": 100,
        "seeds": 100,
        "deaths": {
          "foxy": 100
        }
      },
      {
        "epochMs": 700,
        "maskTicks": 4,
        "wins": 0,
        "armed": 100,
        "seeds": 100,
        "deaths": {
          "foxy": 100
        }
      },
      {
        "epochMs": 716.67,
        "maskTicks": 4,
        "wins": 0,
        "armed": 0,
        "seeds": 100,
        "deaths": {
          "foxy": 100
        }
      },
      {
        "epochMs": 733.33,
        "maskTicks": 4,
        "wins": 0,
        "armed": 0,
        "seeds": 100,
        "deaths": {
          "foxy": 100
        }
      },
      {
        "epochMs": 750,
        "maskTicks": 4,
        "wins": 0,
        "armed": 0,
        "seeds": 100,
        "deaths": {
          "foxy": 100
        }
      },
      {
        "epochMs": 766.67,
        "maskTicks": 4,
        "wins": 0,
        "armed": 100,
        "seeds": 100,
        "deaths": {
          "foxy": 100
        }
      },
      {
        "epochMs": 783.33,
        "maskTicks": 4,
        "wins": 0,
        "armed": 100,
        "seeds": 100,
        "deaths": {
          "foxy": 100
        }
      },
      {
        "epochMs": 800,
        "maskTicks": 5,
        "wins": 0,
        "armed": 100,
        "seeds": 100,
        "deaths": {
          "foxy": 100
        }
      },
      {
        "epochMs": 816.67,
        "maskTicks": 5,
        "wins": 0,
        "armed": 100,
        "seeds": 100,
        "deaths": {
          "foxy": 100
        }
      },
      {
        "epochMs": 833.33,
        "maskTicks": 5,
        "wins": 0,
        "armed": 100,
        "seeds": 100,
        "deaths": {
          "foxy": 100
        }
      },
      {
        "epochMs": 850,
        "maskTicks": 5,
        "wins": 0,
        "armed": 100,
        "seeds": 100,
        "deaths": {
          "foxy": 100
        }
      },
      {
        "epochMs": 866.67,
        "maskTicks": 5,
        "wins": 0,
        "armed": 100,
        "seeds": 100,
        "deaths": {
          "foxy": 100
        }
      },
      {
        "epochMs": 883.33,
        "maskTicks": 5,
        "wins": 0,
        "armed": 100,
        "seeds": 100,
        "deaths": {
          "foxy": 100
        }
      },
      {
        "epochMs": 900,
        "maskTicks": 5,
        "wins": 0,
        "armed": 100,
        "seeds": 100,
        "deaths": {
          "foxy": 100
        }
      },
      {
        "epochMs": 916.67,
        "maskTicks": 5,
        "wins": 0,
        "armed": 0,
        "seeds": 100,
        "deaths": {
          "foxy": 100
        }
      },
      {
        "epochMs": 933.33,
        "maskTicks": 5,
        "wins": 0,
        "armed": 0,
        "seeds": 100,
        "deaths": {
          "foxy": 100
        }
      },
      {
        "epochMs": 950,
        "maskTicks": 5,
        "wins": 0,
        "armed": 0,
        "seeds": 100,
        "deaths": {
          "foxy": 100
        }
      },
      {
        "epochMs": 966.67,
        "maskTicks": 5,
        "wins": 0,
        "armed": 100,
        "seeds": 100,
        "deaths": {
          "foxy": 51,
          "golden-freddy": 49
        }
      },
      {
        "epochMs": 983.33,
        "maskTicks": 5,
        "wins": 0,
        "armed": 100,
        "seeds": 100,
        "deaths": {
          "foxy": 51,
          "golden-freddy": 49
        }
      }
    ],
    "lossBands": [
      {
        "fromMs": 116.67,
        "maskTicks": 5,
        "toMs": 166.67
      },
      {
        "fromMs": 316.67,
        "maskTicks": 5,
        "toMs": 1000
      }
    ],
    "uncontrolledPhase": {
      "night": 7,
      "runs": 3000,
      "wins": 791,
      "armed": 2248,
      "deaths": {
        "foxy": 1792,
        "puppet": 254,
        "inside-office": 120,
        "golden-freddy": 43
      },
      "note": "epoch drawn uniformly over one game second; the gate scores epoch 0 only"
    }
  }
}
[ 3/13  23%] delivered phase vs the model band took 26s (pipeline 108s)

--- native-frame state coverage for the actuation ---
  no frame trace for night7-night7-k3-full-04-20260915T051327Z: frame-level state coverage and input/frame
  alignment are UNKNOWN. Nothing was measured.

--- elegance (inputs sent vs needed) ---
  no driver log for night7-night7-k3-full-04-20260915T051327Z; nothing to count. Runs before 2026-08-26 have none.

--- Balloon Boy's vent bang ---
  no raw audio kept for night7-night7-k3-full-04-20260915T051327Z; scan-night requires a receiver PCM capture.
  external authority facts are also absent; run with CUE_AUDIO=1 AUDIO_AUTHORITY_SOCKET=PATH.

==============================================================
VERDICT: every instrument passed for night7-night7-k3-full-04-20260915T051327Z
==============================================================
