==============================================================
run: night5-gatefix1-20260912T053231Z
==============================================================
capture: night5-gatefix1-20260912T053231Z.mp4
hid trace: MISSING (run with HID_TRACE_RUN=1)
input trace: none (run atrace-input.sh around the command)
SurfaceFlinger latency: none (set SF_LAYER for capture)
cue trace: none (run with CUE_HELPER=1)
legacy night PCM: none (receiver owns live audio)
audio facts: none (run with external authority socket)
session manifest: none (unmanifested run)
campaign bundle: artifacts/campaign-2026-09-12T05-32-46.289Z
frame trace: none (run query-cue-helper.sh trace start/stop around the run)
capture rate: 54 fps (ffprobe 490230000/9056371)
  using measured 54 fps for timing-sensitive graders (nominal 60)

--- session manifest (v1 provenance contract) ---
  no night5-gatefix1-20260912T053231Z-session.json: this run is unmanifested, so nothing below can
  name its game build, model hashes, clock alignment or win evidence.
  Nothing was validated.
  Run under tools/device/trial.sh, which emits one.

[ 1/19   5%] --- survival (the only number that is a run length) ---
tools/device/../../captures/night5-gatefix1-20260912T053231Z.mp4: 403 frames at 4.0 fps
  night HUD appears at 28.8s
  2 HUD-absent stretches contain no death static -- the monitor is up; longest 17.5s at 81.5s
  2 of them go fully dark and the HUD returns after -- longest 17.5s at 81.5s. A dark camera, a raised mask and a death minigame are not separated here: UNKNOWN(dark is ambiguous)
  HUD last seen at 99.2s of 100.8s recorded
  ALIVE for at least 70.8s -- nothing in this recording shows the run ending, so this is a lower bound
[ 1/19   5%] survival (the only number that is a run length) took 17s (pipeline 17s)

--- input dispatch / frame landing (Perfetto) ---
  no input trace kept for night5-gatefix1-20260912T053231Z; rendered video cannot establish dispatch.

--- clock transitions (HUD first frame, 1 AM) ---
clocktrace: HUD first=28648ms; 1 AM was not found

[ 2/19  10%] --- camera selections ---
           ... camera selections still running (20s)
tools/device/../../captures/night5-gatefix1-20260912T053231Z.mp4: selected-camera trace at 54 fps
  cam 11   31.81s ->  32.22s  (0.41s)
  cam 11   33.30s ->  35.43s  (2.13s)
  cam 11   41.76s ->  45.81s  (4.06s)
  cam 11   51.76s ->  55.39s  (3.63s)
  cam 11   65.65s ->  65.83s  (0.19s)
  cam 11   75.65s ->  75.83s  (0.19s)
summary: 0 complete 10-04-07-11 sweeps, 0 incomplete sweep starts
[ 2/19  10%] camera selections took 21s (pipeline 58s)

[ 3/19  15%] --- camera light actually flashing ---
           ... camera light actually flashing still running (20s)
           ... camera light actually flashing still running (40s)
           ... camera light actually flashing still running (60s)
tools/device/../../captures/night5-gatefix1-20260912T053231Z.mp4: signature sweepcheck-signature.json  (sweep lit iff >=2/3 cams)
summary: 0/0 sweeps lit (>=2 of 3 cameras)
NO GRADABLE SWEEP: no sweep window was found in this run, so this instrument says nothing about whether the light fired.
  ^ a result about the run, not an instrument failure
[ 3/19  15%] camera light actually flashing took 63s (pipeline 121s)

[ 4/19  21%] --- keyframes (what the run contained) ---
           ... keyframes (what the run contained) still running (20s)
tools/device/../../captures/night5-gatefix1-20260912T053231Z.mp4: 201 frames at 2.0 fps, 12 kept
  timestamps: 0.0s 3.0s 8.0s 22.0s 32.0s 33.0s 35.0s 41.5s 42.0s 45.0s 72.0s 75.5s
  sheet: tools/device/../../captures/night5-gatefix1-20260912T053231Z-keyframes.png
[ 4/19  21%] keyframes (what the run contained) took 31s (pipeline 152s)

[ 5/19  26%] --- music box ---
tools/device/../../captures/night5-gatefix1-20260912T053231Z.mp4: 100.67s sampled at 12 fps
  cam11  33.42s ->  35.25s   78.9% -> 100.0%  (range  78.9-100.0%)
  cam11  41.92s ->  45.25s   72.3% -> 100.0%  (range  72.3-100.0%)
  cam11  51.92s ->  55.25s   72.3% -> 100.0%  (range  72.3-100.0%)
[ 5/19  26%] music box took 17s (pipeline 169s)

[ 6/19  31%] --- office / mask / camera intervals ---
tools/device/../../captures/night5-gatefix1-20260912T053231Z.mp4: 100.67s sampled at 12 fps
  camera   0.00s ->   3.25s  (3.25s)
  hall    13.50s ->  13.75s  (0.25s)
  camera  13.83s ->  15.58s  (1.75s)
  camera  16.25s ->  23.17s  (6.92s)
  camera  23.75s ->  24.17s  (0.42s)
  office  28.67s ->  31.50s  (2.83s)
  camera  31.58s ->  32.33s  (0.75s)
  office  32.58s ->  33.00s  (0.42s)
  camera  33.17s ->  35.42s  (2.25s)
  mask    35.92s ->  40.67s  (4.75s)  <-- latched mask
  office  40.75s ->  41.42s  (0.67s)
  camera  41.67s ->  45.83s  (4.17s)
  office  46.17s ->  46.75s  (0.58s)
  mask    46.92s ->  50.67s  (3.75s)  <-- latched mask
  office  50.75s ->  51.58s  (0.83s)
  camera  51.67s ->  55.42s  (3.75s)
  mask    55.92s ->  60.67s  (4.75s)  <-- latched mask
  office  60.75s ->  61.75s  (1.00s)
  office  61.83s ->  65.25s  (3.42s)
  hall    65.25s ->  65.42s  (0.17s)
  camera  65.58s ->  65.83s  (0.25s)
  office  66.17s ->  66.75s  (0.58s)
  mask    66.92s ->  70.67s  (3.75s)  <-- latched mask
  office  70.75s ->  71.75s  (1.00s)
  office  71.83s ->  75.25s  (3.42s)
  camera  75.58s ->  76.42s  (0.83s)
  mask    76.67s ->  81.50s  (4.83s)  <-- latched mask
  camera  82.17s ->  87.08s  (4.92s)
  camera  97.33s ->  98.00s  (0.67s)
  camera  98.67s -> 100.33s  (1.67s)
summary: 13 camera intervals, 2 visible hall flashes, 5 latched-mask intervals
note: visible hall flashes are only a rendering lower bound; the sourced movement blackout can hide logically accepted Foxy flashes
[ 6/19  31%] office / mask / camera intervals took 17s (pipeline 186s)

[ 7/19  36%] --- run timeline and terminal outcome ---
           ... run timeline and terminal outcome still running (20s)
tools/device/../../captures/night5-gatefix1-20260912T053231Z.mp4: 201 frames at 2.0 fps, 640x288
      0.0s ->     4.0s  (   4.0s)  other
      4.0s ->     8.0s  (   4.0s)  camera
      8.0s ->    10.5s  (   2.5s)  other
     10.5s ->    13.0s  (   2.5s)  camera
     13.0s ->    24.0s  (  11.0s)  other
     24.0s ->    26.5s  (   2.5s)  intro
     26.5s ->    28.5s  (   2.0s)  dark
     28.5s ->    33.0s  (   4.5s)  office
     33.0s ->    36.0s  (   3.0s)  camera
     36.0s ->    41.5s  (   5.5s)  mask
     41.5s ->    47.0s  (   5.5s)  camera
     47.0s ->    51.5s  (   4.5s)  mask
     51.5s ->    56.0s  (   4.5s)  camera
     56.0s ->    60.5s  (   4.5s)  mask
     60.5s ->    67.0s  (   6.5s)  office
     67.0s ->    70.5s  (   3.5s)  mask
     70.5s ->    77.0s  (   6.5s)  office
     77.0s ->    81.5s  (   4.5s)  mask
     81.5s ->   100.5s  (  19.0s)  other

  TERMINAL: unknown
  nothing terminal was captured; the recording may stop before the end of the night
[ 7/19  36%] run timeline and terminal outcome took 39s (pipeline 225s)

[ 8/19  42%] --- campaign bundle (executor-owned facts) ---
--- modern campaign bundle (executor-owned facts) ---
  night reached               yes
  arm mode                    observe-once
  arm                         VERIFIED on attempt 1 (0 retries, 1 samples)
  arm verified at             7514 ms
  parked prefix (plan)        UNKNOWN
  PHASE LAG (suffix shift)    none -- observe-once never parks the stream
  cycle gates                 6 (2 agreed, 3 corrected, 1 aborted)
  gate lag                    UNKNOWN
  delivered offset            UNKNOWN
  corrections at              15200 ms, 35200 ms, 45200 ms
  corrections landed          3 confirmed, 0 unconfirmed, 0 unread, 0 never read back
  press acceptance            3 graded -- 1 UNKNOWN, 1 PASS, 1 MISSING
  stop reason                 gate-abort (mask-state-unavailable)
[ 8/19  42%] campaign bundle (executor-owned facts) took 0s (pipeline 225s)

[ 9/19  47%] --- delivered phase vs the model band ---
           ... delivered phase vs the model band still running (20s)
{
  "schema": "device-phase-reconstruction-v1",
  "origin": {
    "kind": "lifecycle-classification",
    "nightGoAt": 1789191183023,
    "releasedAt": 1789191183024,
    "errorVersusFirstNightFrameMs": "UNKNOWN",
    "bracketedByMs": 2304,
    "priorSampleLabel": "unknown=dark-frame-no-text",
    "observationCadenceMs": {
      "min": 0,
      "p50": 1424,
      "max": 2859
    }
  },
  "plannedPhaseOffsetMs": 0,
  "actionCount": 298,
  "arm": null,
  "cycles": [
    {
      "gateAtMs": 5200,
      "nextActionId": "toys-1",
      "status": "AGREED",
      "believedMaskOn": true,
      "observedMaskOn": true,
      "maskEvidence": "button-stroke:mask-on",
      "readCount": 1,
      "gateLagMs": null,
      "deliveredOffsetMs": null
    },
    {
      "gateAtMs": 15200,
      "nextActionId": "toys-1",
      "status": "CORRECTED",
      "believedMaskOn": true,
      "observedMaskOn": false,
      "maskEvidence": "button-stroke:office",
      "readCount": 1,
      "gateLagMs": null,
      "deliveredOffsetMs": null
    },
    {
      "gateAtMs": 25200,
      "nextActionId": "toys-1",
      "status": "AGREED",
      "believedMaskOn": true,
      "observedMaskOn": true,
      "maskEvidence": "button-stroke:mask-on",
      "readCount": 1,
      "gateLagMs": null,
      "deliveredOffsetMs": null
    },
    {
      "gateAtMs": 35200,
      "nextActionId": "toys-1",
      "status": "CORRECTED",
      "believedMaskOn": true,
      "observedMaskOn": false,
      "maskEvidence": "button-stroke:office",
      "readCount": 1,
      "gateLagMs": null,
      "deliveredOffsetMs": null
    },
    {
      "gateAtMs": 45200,
      "nextActionId": "toys-1",
      "status": "CORRECTED",
      "believedMaskOn": true,
      "observedMaskOn": false,
      "maskEvidence": "button-stroke:office",
      "readCount": 1,
      "gateLagMs": null,
      "deliveredOffsetMs": null
    },
    {
      "gateAtMs": 55200,
      "nextActionId": "toys-1",
      "status": "UNKNOWN",
      "believedMaskOn": true,
      "observedMaskOn": null,
      "maskEvidence": "stroke-unavailable",
      "readCount": 4,
      "gateLagMs": null,
      "deliveredOffsetMs": null
    }
  ],
  "deliveredOffsetMs": null,
  "terminal": {
    "lastNightAt": 1789191233223,
    "terminalAt": 1789191235479,
    "terminalLabel": "unknown=no-signature-matched",
    "bracketMs": 2256,
    "attribution": "UNKNOWN"
  },
  "run": "artifacts/campaign-2026-09-12T05-32-46.289Z",
  "model": {
    "night": 5,
    "seeds": 100,
    "ventMaskTicks": 5,
    "rows": [
      {
        "epochMs": 0,
        "maskTicks": 5,
        "wins": 100,
        "armed": 100,
        "seeds": 100,
        "deaths": {}
      },
      {
        "epochMs": 16.67,
        "maskTicks": 5,
        "wins": 100,
        "armed": 100,
        "seeds": 100,
        "deaths": {}
      },
      {
        "epochMs": 33.33,
        "maskTicks": 5,
        "wins": 100,
        "armed": 100,
        "seeds": 100,
        "deaths": {}
      },
      {
        "epochMs": 50,
        "maskTicks": 5,
        "wins": 100,
        "armed": 100,
        "seeds": 100,
        "deaths": {}
      },
      {
        "epochMs": 66.67,
        "maskTicks": 5,
        "wins": 100,
        "armed": 100,
        "seeds": 100,
        "deaths": {}
      },
      {
        "epochMs": 83.33,
        "maskTicks": 5,
        "wins": 100,
        "armed": 100,
        "seeds": 100,
        "deaths": {}
      },
      {
        "epochMs": 100,
        "maskTicks": 5,
        "wins": 100,
        "armed": 100,
        "seeds": 100,
        "deaths": {}
      },
      {
        "epochMs": 116.67,
        "maskTicks": 5,
        "wins": 0,
        "armed": 0,
        "seeds": 100,
        "deaths": {
          "puppet": 100
        }
      },
      {
        "epochMs": 133.33,
        "maskTicks": 5,
        "wins": 0,
        "armed": 0,
        "seeds": 100,
        "deaths": {
          "puppet": 100
        }
      },
      {
        "epochMs": 150,
        "maskTicks": 5,
        "wins": 0,
        "armed": 0,
        "seeds": 100,
        "deaths": {
          "puppet": 100
        }
      },
      {
        "epochMs": 166.67,
        "maskTicks": 5,
        "wins": 100,
        "armed": 100,
        "seeds": 100,
        "deaths": {}
      },
      {
        "epochMs": 183.33,
        "maskTicks": 5,
        "wins": 100,
        "armed": 100,
        "seeds": 100,
        "deaths": {}
      },
      {
        "epochMs": 200,
        "maskTicks": 5,
        "wins": 100,
        "armed": 100,
        "seeds": 100,
        "deaths": {}
      },
      {
        "epochMs": 216.67,
        "maskTicks": 5,
        "wins": 100,
        "armed": 100,
        "seeds": 100,
        "deaths": {}
      },
      {
        "epochMs": 233.33,
        "maskTicks": 5,
        "wins": 100,
        "armed": 100,
        "seeds": 100,
        "deaths": {}
      },
      {
        "epochMs": 250,
        "maskTicks": 5,
        "wins": 100,
        "armed": 100,
        "seeds": 100,
        "deaths": {}
      },
      {
        "epochMs": 266.67,
        "maskTicks": 5,
        "wins": 100,
        "armed": 100,
        "seeds": 100,
        "deaths": {}
      },
      {
        "epochMs": 283.33,
        "maskTicks": 5,
        "wins": 100,
        "armed": 100,
        "seeds": 100,
        "deaths": {}
      },
      {
        "epochMs": 300,
        "maskTicks": 5,
        "wins": 100,
        "armed": 100,
        "seeds": 100,
        "deaths": {}
      },
      {
        "epochMs": 316.67,
        "maskTicks": 5,
        "wins": 0,
        "armed": 0,
        "seeds": 100,
        "deaths": {
          "puppet": 100
        }
      },
      {
        "epochMs": 333.33,
        "maskTicks": 5,
        "wins": 0,
        "armed": 0,
        "seeds": 100,
        "deaths": {
          "puppet": 100
        }
      },
      {
        "epochMs": 350,
        "maskTicks": 5,
        "wins": 0,
        "armed": 0,
        "seeds": 100,
        "deaths": {
          "puppet": 100
        }
      },
      {
        "epochMs": 366.67,
        "maskTicks": 4,
        "wins": 0,
        "armed": 100,
        "seeds": 100,
        "deaths": {
          "inside-office": 23,
          "foxy": 77
        }
      },
      {
        "epochMs": 383.33,
        "maskTicks": 4,
        "wins": 0,
        "armed": 100,
        "seeds": 100,
        "deaths": {
          "inside-office": 23,
          "foxy": 77
        }
      },
      {
        "epochMs": 400,
        "maskTicks": 4,
        "wins": 0,
        "armed": 100,
        "seeds": 100,
        "deaths": {
          "inside-office": 24,
          "foxy": 76
        }
      },
      {
        "epochMs": 416.67,
        "maskTicks": 4,
        "wins": 0,
        "armed": 100,
        "seeds": 100,
        "deaths": {
          "inside-office": 24,
          "foxy": 76
        }
      },
      {
        "epochMs": 433.33,
        "maskTicks": 4,
        "wins": 0,
        "armed": 100,
        "seeds": 100,
        "deaths": {
          "inside-office": 24,
          "foxy": 76
        }
      },
      {
        "epochMs": 450,
        "maskTicks": 4,
        "wins": 0,
        "armed": 100,
        "seeds": 100,
        "deaths": {
          "inside-office": 24,
          "foxy": 76
        }
      },
      {
        "epochMs": 466.67,
        "maskTicks": 4,
        "wins": 0,
        "armed": 100,
        "seeds": 100,
        "deaths": {
          "inside-office": 35,
          "foxy": 65
        }
      },
      {
        "epochMs": 483.33,
        "maskTicks": 4,
        "wins": 0,
        "armed": 100,
        "seeds": 100,
        "deaths": {
          "foxy": 68,
          "inside-office": 32
        }
      },
      {
        "epochMs": 500,
        "maskTicks": 4,
        "wins": 0,
        "armed": 100,
        "seeds": 100,
        "deaths": {
          "foxy": 68,
          "inside-office": 32
        }
      },
      {
        "epochMs": 516.67,
        "maskTicks": 4,
        "wins": 0,
        "armed": 0,
        "seeds": 100,
        "deaths": {
          "puppet": 100
        }
      },
      {
        "epochMs": 533.33,
        "maskTicks": 4,
        "wins": 0,
        "armed": 0,
        "seeds": 100,
        "deaths": {
          "puppet": 100
        }
      },
      {
        "epochMs": 550,
        "maskTicks": 4,
        "wins": 0,
        "armed": 0,
        "seeds": 100,
        "deaths": {
          "puppet": 100
        }
      },
      {
        "epochMs": 566.67,
        "maskTicks": 4,
        "wins": 0,
        "armed": 100,
        "seeds": 100,
        "deaths": {
          "foxy": 68,
          "inside-office": 32
        }
      },
      {
        "epochMs": 583.33,
        "maskTicks": 4,
        "wins": 0,
        "armed": 100,
        "seeds": 100,
        "deaths": {
          "foxy": 68,
          "inside-office": 32
        }
      },
      {
        "epochMs": 600,
        "maskTicks": 4,
        "wins": 0,
        "armed": 100,
        "seeds": 100,
        "deaths": {
          "foxy": 68,
          "inside-office": 32
        }
      },
      {
        "epochMs": 616.67,
        "maskTicks": 4,
        "wins": 0,
        "armed": 100,
        "seeds": 100,
        "deaths": {
          "foxy": 68,
          "inside-office": 32
        }
      },
      {
        "epochMs": 633.33,
        "maskTicks": 4,
        "wins": 0,
        "armed": 100,
        "seeds": 100,
        "deaths": {
          "foxy": 68,
          "inside-office": 32
        }
      },
      {
        "epochMs": 650,
        "maskTicks": 4,
        "wins": 0,
        "armed": 100,
        "seeds": 100,
        "deaths": {
          "foxy": 68,
          "inside-office": 32
        }
      },
      {
        "epochMs": 666.67,
        "maskTicks": 4,
        "wins": 0,
        "armed": 100,
        "seeds": 100,
        "deaths": {
          "foxy": 68,
          "inside-office": 32
        }
      },
      {
        "epochMs": 683.33,
        "maskTicks": 4,
        "wins": 0,
        "armed": 100,
        "seeds": 100,
        "deaths": {
          "foxy": 68,
          "inside-office": 32
        }
      },
      {
        "epochMs": 700,
        "maskTicks": 4,
        "wins": 0,
        "armed": 100,
        "seeds": 100,
        "deaths": {
          "foxy": 68,
          "inside-office": 32
        }
      },
      {
        "epochMs": 716.67,
        "maskTicks": 4,
        "wins": 0,
        "armed": 0,
        "seeds": 100,
        "deaths": {
          "puppet": 100
        }
      },
      {
        "epochMs": 733.33,
        "maskTicks": 4,
        "wins": 0,
        "armed": 0,
        "seeds": 100,
        "deaths": {
          "puppet": 100
        }
      },
      {
        "epochMs": 750,
        "maskTicks": 4,
        "wins": 0,
        "armed": 0,
        "seeds": 100,
        "deaths": {
          "puppet": 100
        }
      },
      {
        "epochMs": 766.67,
        "maskTicks": 4,
        "wins": 0,
        "armed": 100,
        "seeds": 100,
        "deaths": {
          "foxy": 70,
          "inside-office": 30
        }
      },
      {
        "epochMs": 783.33,
        "maskTicks": 4,
        "wins": 0,
        "armed": 100,
        "seeds": 100,
        "deaths": {
          "foxy": 70,
          "inside-office": 30
        }
      },
      {
        "epochMs": 800,
        "maskTicks": 5,
        "wins": 100,
        "armed": 100,
        "seeds": 100,
        "deaths": {}
      },
      {
        "epochMs": 816.67,
        "maskTicks": 5,
        "wins": 100,
        "armed": 100,
        "seeds": 100,
        "deaths": {}
      },
      {
        "epochMs": 833.33,
        "maskTicks": 5,
        "wins": 100,
        "armed": 100,
        "seeds": 100,
        "deaths": {}
      },
      {
        "epochMs": 850,
        "maskTicks": 5,
        "wins": 100,
        "armed": 100,
        "seeds": 100,
        "deaths": {}
      },
      {
        "epochMs": 866.67,
        "maskTicks": 5,
        "wins": 100,
        "armed": 100,
        "seeds": 100,
        "deaths": {}
      },
      {
        "epochMs": 883.33,
        "maskTicks": 5,
        "wins": 100,
        "armed": 100,
        "seeds": 100,
        "deaths": {}
      },
      {
        "epochMs": 900,
        "maskTicks": 5,
        "wins": 100,
        "armed": 100,
        "seeds": 100,
        "deaths": {}
      },
      {
        "epochMs": 916.67,
        "maskTicks": 5,
        "wins": 0,
        "armed": 0,
        "seeds": 100,
        "deaths": {
          "puppet": 100
        }
      },
      {
        "epochMs": 933.33,
        "maskTicks": 5,
        "wins": 0,
        "armed": 0,
        "seeds": 100,
        "deaths": {
          "puppet": 100
        }
      },
      {
        "epochMs": 950,
        "maskTicks": 5,
        "wins": 0,
        "armed": 0,
        "seeds": 100,
        "deaths": {
          "puppet": 100
        }
      },
      {
        "epochMs": 966.67,
        "maskTicks": 5,
        "wins": 100,
        "armed": 100,
        "seeds": 100,
        "deaths": {}
      },
      {
        "epochMs": 983.33,
        "maskTicks": 5,
        "wins": 100,
        "armed": 100,
        "seeds": 100,
        "deaths": {}
      }
    ],
    "lossBands": [
      {
        "fromMs": 116.67,
        "maskTicks": 5,
        "toMs": 166.67
      },
      {
        "fromMs": 316.67,
        "maskTicks": 5,
        "toMs": 800
      },
      {
        "fromMs": 916.67,
        "maskTicks": 5,
        "toMs": 966.67
      }
    ],
    "uncontrolledPhase": {
      "night": 5,
      "runs": 3000,
      "wins": 1233,
      "armed": 2248,
      "deaths": {
        "foxy": 698,
        "puppet": 752,
        "inside-office": 317
      },
      "note": "epoch drawn uniformly over one game second; the gate scores epoch 0 only"
    }
  }
}
[ 9/19  47%] delivered phase vs the model band took 36s (pipeline 261s)

--- native-frame state coverage for the actuation ---
  no frame trace for night5-gatefix1-20260912T053231Z: frame-level state coverage and input/frame
  alignment are UNKNOWN. Nothing was measured.

--- elegance (inputs sent vs needed) ---
  no driver log for night5-gatefix1-20260912T053231Z; nothing to count. Runs before 2026-08-26 have none.

--- Balloon Boy's vent bang ---
  no raw audio kept for night5-gatefix1-20260912T053231Z; scan-night requires a receiver PCM capture.
  external authority facts are also absent; run with CUE_AUDIO=1 AUDIO_AUTHORITY_SOCKET=PATH.

==============================================================
VERDICT: every instrument passed for night5-gatefix1-20260912T053231Z
==============================================================
